167.60.202.104 - - [30/Jan/2026:21:11:27 -0300] "GET /favicon.ico HTTP/2.0" 404 173 "https://uy037.duckdns.org/" "Mozilla/5.0 (Windows NT 10.0; Win64; x64; rv:147.0) Gecko/20100101 Firefox/147.0"
167.60.202.104 - - [30/Jan/2026:21:11:29 -0300] "GET /polls HTTP/2.0" 200 2354 "https://uy037.duckdns.org/" "Mozilla/5.0 (Windows NT 10.0; Win64; x64; rv:147.0) Gecko/20100101 Firefox/147.0"
167.60.202.104 - - [30/Jan/2026:21:12:47 -0300] "GET /logout HTTP/2.0" 302 199 "https://uy037.duckdns.org/polls" "Mozilla/5.0 (Windows NT 10.0; Win64; x64; rv:147.0) Gecko/20100101 Firefox/147.0"
167.60.202.104 - - [30/Jan/2026:21:12:47 -0300] "GET /login HTTP/2.0" 200 1378 "https://uy037.duckdns.org/polls" "Mozilla/5.0 (Windows NT 10.0; Win64; x64; rv:147.0) Gecko/20100101 Firefox/147.0"
167.60.202.104 - - [30/Jan/2026:21:12:54 -0300] "POST /login HTTP/2.0" 302 189 "https://uy037.duckdns.org/login" "Mozilla/5.0 (Windows NT 10.0; Win64; x64; rv:147.0) Gecko/20100101 Firefox/147.0"
167.60.202.104 - - [30/Jan/2026:21:12:54 -0300] "GET / HTTP/2.0" 200 3985 "https://uy037.duckdns.org/login" "Mozilla/5.0 (Windows NT 10.0; Win64; x64; rv:147.0) Gecko/20100101 Firefox/147.0"
167.60.202.104 - - [30/Jan/2026:21:12:57 -0300] "GET /polls HTTP/2.0" 200 2042 "https://uy037.duckdns.org/" "Mozilla/5.0 (Windows NT 10.0; Win64; x64; rv:147.0) Gecko/20100101 Firefox/147.0"
167.60.202.104 - - [30/Jan/2026:21:13:07 -0300] "GET /poll/4/results HTTP/2.0" 200 3208 "https://uy037.duckdns.org/polls" "Mozilla/5.0 (Windows NT 10.0; Win64; x64; rv:147.0) Gecko/20100101 Firefox/147.0"
167.60.202.104 - - [30/Jan/2026:21:13:33 -0300] "GET /polls HTTP/2.0" 200 2042 "https://uy037.duckdns.org/poll/4/results" "Mozilla/5.0 (Windows NT 10.0; Win64; x64; rv:147.0) Gecko/20100101 Firefox/147.0"
167.60.202.104 - - [30/Jan/2026:21:13:37 -0300] "GET /poll/2/results HTTP/2.0" 200 3765 "https://uy037.duckdns.org/polls" "Mozilla/5.0 (Windows NT 10.0; Win64; x64; rv:147.0) Gecko/20100101 Firefox/147.0"
167.60.202.104 - - [30/Jan/2026:21:14:10 -0300] "GET /polls HTTP/2.0" 200 2042 "https://uy037.duckdns.org/poll/2/results" "Mozilla/5.0 (Windows NT 10.0; Win64; x64; rv:147.0) Gecko/20100101 Firefox/147.0"
167.60.202.104 - - [30/Jan/2026:21:14:35 -0300] "GET /poll/2/results HTTP/2.0" 200 3765 "https://uy037.duckdns.org/polls" "Mozilla/5.0 (Windows NT 10.0; Win64; x64; rv:147.0) Gecko/20100101 Firefox/147.0"
167.60.202.104 - - [30/Jan/2026:21:15:08 -0300] "GET /polls HTTP/2.0" 200 2042 "https://uy037.duckdns.org/poll/2/results" "Mozilla/5.0 (Windows NT 10.0; Win64; x64; rv:147.0) Gecko/20100101 Firefox/147.0"
167.60.202.104 - - [30/Jan/2026:21:16:13 -0300] "GET /poll/4/vote HTTP/2.0" 200 2864 "https://uy037.duckdns.org/polls" "Mozilla/5.0 (Windows NT 10.0; Win64; x64; rv:147.0) Gecko/20100101 Firefox/147.0"
167.60.202.104 - - [30/Jan/2026:21:16:47 -0300] "POST /poll/4/vote HTTP/2.0" 302 217 "https://uy037.duckdns.org/poll/4/vote" "Mozilla/5.0 (Windows NT 10.0; Win64; x64; rv:147.0) Gecko/20100101 Firefox/147.0"
167.60.202.104 - - [30/Jan/2026:21:16:47 -0300] "GET /poll/4/results HTTP/2.0" 200 3395 "https://uy037.duckdns.org/poll/4/vote" "Mozilla/5.0 (Windows NT 10.0; Win64; x64; rv:147.0) Gecko/20100101 Firefox/147.0"
167.60.202.104 - - [30/Jan/2026:21:17:02 -0300] "GET /polls HTTP/2.0" 200 2042 "https://uy037.duckdns.org/poll/4/results" "Mozilla/5.0 (Windows NT 10.0; Win64; x64; rv:147.0) Gecko/20100101 Firefox/147.0"
167.60.202.104 - - [30/Jan/2026:21:17:12 -0300] "GET /poll/4/results HTTP/2.0" 200 3317 "https://uy037.duckdns.org/polls" "Mozilla/5.0 (Windows NT 10.0; Win64; x64; rv:147.0) Gecko/20100101 Firefox/147.0"
167.60.202.104 - - [30/Jan/2026:21:18:28 -0300] "GET /logout HTTP/2.0" 302 199 "https://uy037.duckdns.org/poll/4/results" "Mozilla/5.0 (Windows NT 10.0; Win64; x64; rv:147.0) Gecko/20100101 Firefox/147.0"
167.60.202.104 - - [30/Jan/2026:21:18:28 -0300] "GET /login HTTP/2.0" 200 1378 "https://uy037.duckdns.org/poll/4/results" "Mozilla/5.0 (Windows NT 10.0; Win64; x64; rv:147.0) Gecko/20100101 Firefox/147.0"
167.60.202.104 - - [30/Jan/2026:21:18:44 -0300] "POST /login HTTP/2.0" 302 189 "https://uy037.duckdns.org/login" "Mozilla/5.0 (Windows NT 10.0; Win64; x64; rv:147.0) Gecko/20100101 Firefox/147.0"
167.60.202.104 - - [30/Jan/2026:21:18:44 -0300] "GET / HTTP/2.0" 200 4048 "https://uy037.duckdns.org/login" "Mozilla/5.0 (Windows NT 10.0; Win64; x64; rv:147.0) Gecko/20100101 Firefox/147.0"
167.60.202.104 - - [30/Jan/2026:21:18:49 -0300] "GET /polls HTTP/2.0" 200 2354 "https://uy037.duckdns.org/" "Mozilla/5.0 (Windows NT 10.0; Win64; x64; rv:147.0) Gecko/20100101 Firefox/147.0"
167.60.202.104 - - [30/Jan/2026:21:18:55 -0300] "POST /poll/4/delete HTTP/2.0" 302 199 "https://uy037.duckdns.org/polls" "Mozilla/5.0 (Windows NT 10.0; Win64; x64; rv:147.0) Gecko/20100101 Firefox/147.0"
167.60.202.104 - - [30/Jan/2026:21:18:55 -0300] "GET /polls HTTP/2.0" 200 2338 "https://uy037.duckdns.org/polls" "Mozilla/5.0 (Windows NT 10.0; Win64; x64; rv:147.0) Gecko/20100101 Firefox/147.0"
167.60.202.104 - - [30/Jan/2026:21:18:57 -0300] "POST /poll/2/delete HTTP/2.0" 302 199 "https://uy037.duckdns.org/polls" "Mozilla/5.0 (Windows NT 10.0; Win64; x64; rv:147.0) Gecko/20100101 Firefox/147.0"
167.60.202.104 - - [30/Jan/2026:21:18:57 -0300] "GET /polls HTTP/2.0" 200 2156 "https://uy037.duckdns.org/polls" "Mozilla/5.0 (Windows NT 10.0; Win64; x64; rv:147.0) Gecko/20100101 Firefox/147.0"
167.60.202.104 - - [30/Jan/2026:21:18:59 -0300] "POST /poll/3/delete HTTP/2.0" 302 199 "https://uy037.duckdns.org/polls" "Mozilla/5.0 (Windows NT 10.0; Win64; x64; rv:147.0) Gecko/20100101 Firefox/147.0"
167.60.202.104 - - [30/Jan/2026:21:18:59 -0300] "GET /polls HTTP/2.0" 200 1707 "https://uy037.duckdns.org/polls" "Mozilla/5.0 (Windows NT 10.0; Win64; x64; rv:147.0) Gecko/20100101 Firefox/147.0"
167.60.202.104 - - [30/Jan/2026:21:19:03 -0300] "GET /users HTTP/2.0" 200 4530 "https://uy037.duckdns.org/polls" "Mozilla/5.0 (Windows NT 10.0; Win64; x64; rv:147.0) Gecko/20100101 Firefox/147.0"
167.60.202.104 - - [30/Jan/2026:21:19:05 -0300] "GET /admin/login-history HTTP/2.0" 200 3277 "https://uy037.duckdns.org/users" "Mozilla/5.0 (Windows NT 10.0; Win64; x64; rv:147.0) Gecko/20100101 Firefox/147.0"
167.60.202.104 - - [30/Jan/2026:21:19:23 -0300] "GET /polls HTTP/2.0" 200 1640 "https://uy037.duckdns.org/admin/login-history" "Mozilla/5.0 (Windows NT 10.0; Win64; x64; rv:147.0) Gecko/20100101 Firefox/147.0"
167.60.202.104 - - [30/Jan/2026:21:19:27 -0300] "GET /poll/create HTTP/2.0" 200 2763 "https://uy037.duckdns.org/polls" "Mozilla/5.0 (Windows NT 10.0; Win64; x64; rv:147.0) Gecko/20100101 Firefox/147.0"
167.60.202.104 - - [30/Jan/2026:21:23:01 -0300] "POST /poll/create HTTP/2.0" 302 211 "https://uy037.duckdns.org/poll/create" "Mozilla/5.0 (Windows NT 10.0; Win64; x64; rv:147.0) Gecko/20100101 Firefox/147.0"
167.60.202.104 - - [30/Jan/2026:21:23:01 -0300] "GET /poll/5/vote HTTP/2.0" 200 3313 "https://uy037.duckdns.org/poll/create" "Mozilla/5.0 (Windows NT 10.0; Win64; x64; rv:147.0) Gecko/20100101 Firefox/147.0"
167.60.202.104 - - [30/Jan/2026:21:23:11 -0300] "GET /polls HTTP/2.0" 200 2172 "https://uy037.duckdns.org/poll/5/vote" "Mozilla/5.0 (Windows NT 10.0; Win64; x64; rv:147.0) Gecko/20100101 Firefox/147.0"
167.60.202.104 - - [30/Jan/2026:21:23:16 -0300] "GET / HTTP/2.0" 200 4048 "https://uy037.duckdns.org/polls" "Mozilla/5.0 (Windows NT 10.0; Win64; x64; rv:147.0) Gecko/20100101 Firefox/147.0"
167.60.202.104 - - [30/Jan/2026:21:25:19 -0300] "GET /poll/4/vote HTTP/2.0" 302 247 "https://uy037.duckdns.org/polls" "Mozilla/5.0 (iPhone; CPU iPhone OS 26_2_0 like Mac OS X) AppleWebKit/605.1.15 (KHTML, like Gecko) CriOS/144.0.7559.95 Mobile/15E148 Safari/604.1"
167.60.202.104 - - [30/Jan/2026:21:25:19 -0300] "GET /login?next=%2Fpoll%2F4%2Fvote HTTP/2.0" 200 1476 "https://uy037.duckdns.org/polls" "Mozilla/5.0 (iPhone; CPU iPhone OS 26_2_0 like Mac OS X) AppleWebKit/605.1.15 (KHTML, like Gecko) CriOS/144.0.7559.95 Mobile/15E148 Safari/604.1"
167.60.202.104 - - [30/Jan/2026:21:25:19 -0300] "GET /favicon.ico HTTP/2.0" 404 173 "-" "Mozilla/5.0 (iPhone; CPU iPhone OS 26_2_0 like Mac OS X) AppleWebKit/605.1.15 (KHTML, like Gecko) CriOS/144.0.7559.95 Mobile/15E148 Safari/604.1"
167.60.202.104 - - [30/Jan/2026:21:25:37 -0300] "POST /login?next=%2Fpoll%2F4%2Fvote HTTP/2.0" 302 211 "https://uy037.duckdns.org/login?next=%2Fpoll%2F4%2Fvote" "Mozilla/5.0 (iPhone; CPU iPhone OS 26_2_0 like Mac OS X) AppleWebKit/605.1.15 (KHTML, like Gecko) CriOS/144.0.7559.95 Mobile/15E148 Safari/604.1"
167.60.202.104 - - [30/Jan/2026:21:25:37 -0300] "GET /poll/4/vote HTTP/2.0" 404 173 "https://uy037.duckdns.org/login?next=%2Fpoll%2F4%2Fvote" "Mozilla/5.0 (iPhone; CPU iPhone OS 26_2_0 like Mac OS X) AppleWebKit/605.1.15 (KHTML, like Gecko) CriOS/144.0.7559.95 Mobile/15E148 Safari/604.1"
167.60.202.104 - - [30/Jan/2026:21:25:43 -0300] "GET /poll/4/vote HTTP/2.0" 404 173 "https://uy037.duckdns.org/login?next=%2Fpoll%2F4%2Fvote" "Mozilla/5.0 (iPhone; CPU iPhone OS 26_2_0 like Mac OS X) AppleWebKit/605.1.15 (KHTML, like Gecko) CriOS/144.0.7559.95 Mobile/15E148 Safari/604.1"
179.26.228.88 - - [30/Jan/2026:21:25:49 -0300] "GET / HTTP/2.0" 302 217 "-" "Mozilla/5.0 (Windows NT 10.0; Win64; x64) AppleWebKit/537.36 (KHTML, like Gecko) Chrome/144.0.0.0 Safari/537.36"
179.26.228.88 - - [30/Jan/2026:21:25:49 -0300] "GET /login?next=%2F HTTP/2.0" 200 1476 "-" "Mozilla/5.0 (Windows NT 10.0; Win64; x64) AppleWebKit/537.36 (KHTML, like Gecko) Chrome/144.0.0.0 Safari/537.36"
179.26.228.88 - - [30/Jan/2026:21:25:50 -0300] "GET /favicon.ico HTTP/2.0" 404 173 "https://uy037.duckdns.org/login?next=%2F" "Mozilla/5.0 (Windows NT 10.0; Win64; x64) AppleWebKit/537.36 (KHTML, like Gecko) Chrome/144.0.0.0 Safari/537.36"
179.26.228.88 - - [30/Jan/2026:21:26:02 -0300] "POST /login?next=%2F HTTP/2.0" 302 189 "https://uy037.duckdns.org/login?next=%2F" "Mozilla/5.0 (Windows NT 10.0; Win64; x64) AppleWebKit/537.36 (KHTML, like Gecko) Chrome/144.0.0.0 Safari/537.36"
179.26.228.88 - - [30/Jan/2026:21:26:02 -0300] "GET / HTTP/2.0" 200 4011 "https://uy037.duckdns.org/login?next=%2F" "Mozilla/5.0 (Windows NT 10.0; Win64; x64) AppleWebKit/537.36 (KHTML, like Gecko) Chrome/144.0.0.0 Safari/537.36"
179.26.228.88 - - [30/Jan/2026:21:26:05 -0300] "GET /polls HTTP/2.0" 200 1903 "https://uy037.duckdns.org/" "Mozilla/5.0 (Windows NT 10.0; Win64; x64) AppleWebKit/537.36 (KHTML, like Gecko) Chrome/144.0.0.0 Safari/537.36"
179.31.53.135 - - [30/Jan/2026:21:26:10 -0300] "GET /polls HTTP/2.0" 302 227 "https://www.google.com/" "Mozilla/5.0 (Windows NT 10.0; Win64; x64) AppleWebKit/537.36 (KHTML, like Gecko) Chrome/143.0.0.0 Safari/537.36"
179.31.53.135 - - [30/Jan/2026:21:26:10 -0300] "GET /login?next=%2Fpolls HTTP/2.0" 200 1476 "https://www.google.com/" "Mozilla/5.0 (Windows NT 10.0; Win64; x64) AppleWebKit/537.36 (KHTML, like Gecko) Chrome/143.0.0.0 Safari/537.36"
167.60.202.104 - - [30/Jan/2026:21:26:11 -0300] "GET /polls HTTP/2.0" 200 2172 "https://uy037.duckdns.org/" "Mozilla/5.0 (Windows NT 10.0; Win64; x64; rv:147.0) Gecko/20100101 Firefox/147.0"
179.31.53.135 - - [30/Jan/2026:21:26:13 -0300] "GET /favicon.ico HTTP/2.0" 404 173 "https://uy037.duckdns.org/login?next=%2Fpolls" "Mozilla/5.0 (Windows NT 10.0; Win64; x64) AppleWebKit/537.36 (KHTML, like Gecko) Chrome/143.0.0.0 Safari/537.36"
167.60.202.104 - - [30/Jan/2026:21:26:31 -0300] "GET /poll/5/results HTTP/2.0" 200 3097 "https://uy037.duckdns.org/polls" "Mozilla/5.0 (Windows NT 10.0; Win64; x64; rv:147.0) Gecko/20100101 Firefox/147.0"
179.26.228.88 - - [30/Jan/2026:21:26:31 -0300] "GET /poll/5/vote HTTP/2.0" 200 3179 "https://uy037.duckdns.org/polls" "Mozilla/5.0 (Windows NT 10.0; Win64; x64) AppleWebKit/537.36 (KHTML, like Gecko) Chrome/144.0.0.0 Safari/537.36"
167.60.202.104 - - [30/Jan/2026:21:26:35 -0300] "GET /polls HTTP/2.0" 200 2172 "https://uy037.duckdns.org/poll/5/results" "Mozilla/5.0 (Windows NT 10.0; Win64; x64; rv:147.0) Gecko/20100101 Firefox/147.0"
167.60.202.104 - - [30/Jan/2026:21:26:45 -0300] "GET /poll/5/vote HTTP/2.0" 200 3247 "https://uy037.duckdns.org/polls" "Mozilla/5.0 (Windows NT 10.0; Win64; x64; rv:147.0) Gecko/20100101 Firefox/147.0"
98.90.194.164 - - [30/Jan/2026:21:27:22 -0300] "GET /favicon.ico HTTP/1.1" 404 184 "-" "Mozilla/5.0 (Windows NT 10.0; Win64; x64) AppleWebKit/537.36 (KHTML, like Gecko) Chrome/136.0.0.0 Safari/537.36"
179.26.228.88 - - [30/Jan/2026:21:27:53 -0300] "POST /poll/5/vote HTTP/2.0" 302 217 "https://uy037.duckdns.org/poll/5/vote" "Mozilla/5.0 (Windows NT 10.0; Win64; x64) AppleWebKit/537.36 (KHTML, like Gecko) Chrome/144.0.0.0 Safari/537.36"
179.26.228.88 - - [30/Jan/2026:21:27:53 -0300] "GET /poll/5/results HTTP/2.0" 200 3569 "https://uy037.duckdns.org/poll/5/vote" "Mozilla/5.0 (Windows NT 10.0; Win64; x64) AppleWebKit/537.36 (KHTML, like Gecko) Chrome/144.0.0.0 Safari/537.36"
167.60.202.104 - - [30/Jan/2026:21:27:59 -0300] "GET /polls HTTP/2.0" 200 2199 "https://uy037.duckdns.org/poll/5/vote" "Mozilla/5.0 (Windows NT 10.0; Win64; x64; rv:147.0) Gecko/20100101 Firefox/147.0"
167.60.202.104 - - [30/Jan/2026:21:28:22 -0300] "GET /poll/5/results HTTP/2.0" 200 3781 "https://uy037.duckdns.org/polls" "Mozilla/5.0 (Windows NT 10.0; Win64; x64; rv:147.0) Gecko/20100101 Firefox/147.0"
179.26.228.88 - - [30/Jan/2026:21:28:25 -0300] "GET /polls HTTP/2.0" 200 1925 "https://uy037.duckdns.org/poll/5/results" "Mozilla/5.0 (Windows NT 10.0; Win64; x64) AppleWebKit/537.36 (KHTML, like Gecko) Chrome/144.0.0.0 Safari/537.36"
179.26.228.88 - - [30/Jan/2026:21:28:26 -0300] "GET /poll/5/results HTTP/2.0" 200 3494 "https://uy037.duckdns.org/polls" "Mozilla/5.0 (Windows NT 10.0; Win64; x64) AppleWebKit/537.36 (KHTML, like Gecko) Chrome/144.0.0.0 Safari/537.36"
54.167.11.4 - - [30/Jan/2026:21:28:57 -0300] "GET / HTTP/1.1" 302 217 "-" "Mozilla/5.0 (Windows NT 10.0; Win64; x64) AppleWebKit/537.36 (KHTML, like Gecko) Chrome/136.0.0.0 Safari/537.36"
179.26.228.88 - - [30/Jan/2026:21:29:01 -0300] "GET /polls HTTP/2.0" 200 1925 "https://uy037.duckdns.org/poll/5/results" "Mozilla/5.0 (Windows NT 10.0; Win64; x64) AppleWebKit/537.36 (KHTML, like Gecko) Chrome/144.0.0.0 Safari/537.36"
179.26.228.88 - - [30/Jan/2026:21:29:02 -0300] "GET /poll/5/vote HTTP/2.0" 200 3206 "https://uy037.duckdns.org/polls" "Mozilla/5.0 (Windows NT 10.0; Win64; x64) AppleWebKit/537.36 (KHTML, like Gecko) Chrome/144.0.0.0 Safari/537.36"
107.20.3.176 - - [30/Jan/2026:21:29:04 -0300] "GET /robots.txt HTTP/1.1" 404 184 "-" "Mozilla/5.0 (Windows NT 10.0; Win64; x64) AppleWebKit/537.36 (KHTML, like Gecko) Chrome/136.0.0.0 Safari/537.36"
179.26.228.88 - - [30/Jan/2026:21:29:11 -0300] "GET /poll/5/results HTTP/2.0" 200 3494 "https://uy037.duckdns.org/poll/5/vote" "Mozilla/5.0 (Windows NT 10.0; Win64; x64) AppleWebKit/537.36 (KHTML, like Gecko) Chrome/144.0.0.0 Safari/537.36"
179.26.228.88 - - [30/Jan/2026:21:30:52 -0300] "GET /polls HTTP/2.0" 200 1925 "https://uy037.duckdns.org/poll/5/results" "Mozilla/5.0 (Windows NT 10.0; Win64; x64) AppleWebKit/537.36 (KHTML, like Gecko) Chrome/144.0.0.0 Safari/537.36"
179.26.228.88 - - [30/Jan/2026:21:30:53 -0300] "GET / HTTP/2.0" 200 4011 "https://uy037.duckdns.org/polls" "Mozilla/5.0 (Windows NT 10.0; Win64; x64) AppleWebKit/537.36 (KHTML, like Gecko) Chrome/144.0.0.0 Safari/537.36"
179.26.228.88 - - [30/Jan/2026:21:31:36 -0300] "GET /?page=2&search=&sort=newest HTTP/2.0" 200 3381 "https://uy037.duckdns.org/" "Mozilla/5.0 (Windows NT 10.0; Win64; x64) AppleWebKit/537.36 (KHTML, like Gecko) Chrome/144.0.0.0 Safari/537.36"
179.26.228.88 - - [30/Jan/2026:21:31:45 -0300] "GET /?page=1&search=&sort=newest HTTP/2.0" 200 4011 "https://uy037.duckdns.org/?page=2&search=&sort=newest" "Mozilla/5.0 (Windows NT 10.0; Win64; x64) AppleWebKit/537.36 (KHTML, like Gecko) Chrome/144.0.0.0 Safari/537.36"
179.26.228.88 - - [30/Jan/2026:21:31:53 -0300] "GET /game/20 HTTP/2.0" 200 3529 "https://uy037.duckdns.org/?page=1&search=&sort=newest" "Mozilla/5.0 (Windows NT 10.0; Win64; x64) AppleWebKit/537.36 (KHTML, like Gecko) Chrome/144.0.0.0 Safari/537.36"
179.26.228.88 - - [30/Jan/2026:21:32:00 -0300] "GET / HTTP/2.0" 200 4011 "https://uy037.duckdns.org/game/20" "Mozilla/5.0 (Windows NT 10.0; Win64; x64) AppleWebKit/537.36 (KHTML, like Gecko) Chrome/144.0.0.0 Safari/537.36"
179.26.228.88 - - [30/Jan/2026:21:32:02 -0300] "GET /polls HTTP/2.0" 200 1925 "https://uy037.duckdns.org/" "Mozilla/5.0 (Windows NT 10.0; Win64; x64) AppleWebKit/537.36 (KHTML, like Gecko) Chrome/144.0.0.0 Safari/537.36"
179.26.228.88 - - [30/Jan/2026:21:32:15 -0300] "GET /poll/5/vote HTTP/2.0" 200 3206 "https://uy037.duckdns.org/polls" "Mozilla/5.0 (Windows NT 10.0; Win64; x64) AppleWebKit/537.36 (KHTML, like Gecko) Chrome/144.0.0.0 Safari/537.36"
179.26.228.88 - - [30/Jan/2026:21:32:20 -0300] "GET /poll/5/results HTTP/2.0" 200 3494 "https://uy037.duckdns.org/poll/5/vote" "Mozilla/5.0 (Windows NT 10.0; Win64; x64) AppleWebKit/537.36 (KHTML, like Gecko) Chrome/144.0.0.0 Safari/537.36"
167.60.202.104 - - [30/Jan/2026:21:33:10 -0300] "GET /polls HTTP/2.0" 200 2199 "https://uy037.duckdns.org/poll/5/results" "Mozilla/5.0 (Windows NT 10.0; Win64; x64; rv:147.0) Gecko/20100101 Firefox/147.0"
167.60.202.104 - - [30/Jan/2026:21:33:12 -0300] "GET /poll/5/vote HTTP/2.0" 200 3247 "https://uy037.duckdns.org/polls" "Mozilla/5.0 (Windows NT 10.0; Win64; x64; rv:147.0) Gecko/20100101 Firefox/147.0"
167.60.202.104 - - [30/Jan/2026:21:33:29 -0300] "POST /poll/5/vote HTTP/2.0" 302 217 "https://uy037.duckdns.org/poll/5/vote" "Mozilla/5.0 (Windows NT 10.0; Win64; x64; rv:147.0) Gecko/20100101 Firefox/147.0"
167.60.202.104 - - [30/Jan/2026:21:33:29 -0300] "GET /poll/5/results HTTP/2.0" 200 3862 "https://uy037.duckdns.org/poll/5/vote" "Mozilla/5.0 (Windows NT 10.0; Win64; x64; rv:147.0) Gecko/20100101 Firefox/147.0"
167.60.202.104 - - [30/Jan/2026:21:33:33 -0300] "GET /polls HTTP/2.0" 200 2199 "https://uy037.duckdns.org/poll/5/results" "Mozilla/5.0 (Windows NT 10.0; Win64; x64; rv:147.0) Gecko/20100101 Firefox/147.0"
167.60.202.104 - - [30/Jan/2026:21:33:35 -0300] "GET /poll/5/results HTTP/2.0" 200 3792 "https://uy037.duckdns.org/polls" "Mozilla/5.0 (Windows NT 10.0; Win64; x64; rv:147.0) Gecko/20100101 Firefox/147.0"
179.26.228.88 - - [30/Jan/2026:21:33:37 -0300] "GET /polls HTTP/2.0" 200 1925 "https://uy037.duckdns.org/poll/5/results" "Mozilla/5.0 (Windows NT 10.0; Win64; x64) AppleWebKit/537.36 (KHTML, like Gecko) Chrome/144.0.0.0 Safari/537.36"
179.26.228.88 - - [30/Jan/2026:21:33:37 -0300] "GET / HTTP/2.0" 200 4011 "https://uy037.duckdns.org/poll/5/results" "Mozilla/5.0 (Windows NT 10.0; Win64; x64) AppleWebKit/537.36 (KHTML, like Gecko) Chrome/144.0.0.0 Safari/537.36"
179.26.228.88 - - [30/Jan/2026:21:33:38 -0300] "GET /polls HTTP/2.0" 200 1925 "https://uy037.duckdns.org/" "Mozilla/5.0 (Windows NT 10.0; Win64; x64) AppleWebKit/537.36 (KHTML, like Gecko) Chrome/144.0.0.0 Safari/537.36"
179.26.228.88 - - [30/Jan/2026:21:33:40 -0300] "GET /poll/5/results HTTP/2.0" 200 3507 "https://uy037.duckdns.org/polls" "Mozilla/5.0 (Windows NT 10.0; Win64; x64) AppleWebKit/537.36 (KHTML, like Gecko) Chrome/144.0.0.0 Safari/537.36"
167.60.202.104 - - [30/Jan/2026:21:35:17 -0300] "GET / HTTP/2.0" 200 4048 "https://uy037.duckdns.org/poll/5/results" "Mozilla/5.0 (Windows NT 10.0; Win64; x64; rv:147.0) Gecko/20100101 Firefox/147.0"
179.26.228.88 - - [30/Jan/2026:21:35:52 -0300] "GET / HTTP/2.0" 200 4011 "https://uy037.duckdns.org/poll/5/results" "Mozilla/5.0 (Windows NT 10.0; Win64; x64) AppleWebKit/537.36 (KHTML, like Gecko) Chrome/144.0.0.0 Safari/537.36"
167.60.202.104 - - [30/Jan/2026:21:36:01 -0300] "GET /?page=2&search=&sort=rating_asc HTTP/2.0" 200 3488 "https://uy037.duckdns.org/" "Mozilla/5.0 (Windows NT 10.0; Win64; x64; rv:147.0) Gecko/20100101 Firefox/147.0"
193.142.147.209 - - [30/Jan/2026:21:37:25 -0300] "POST / HTTP/1.1" 405 153 "-" "Mozilla/5.0 (Windows NT 10.0; Win64; x64) AppleWebKit/537.36"
167.60.202.104 - - [30/Jan/2026:21:40:16 -0300] "GET /poll/4/vote HTTP/2.0" 404 173 "https://uy037.duckdns.org/login?next=%2Fpoll%2F4%2Fvote" "Mozilla/5.0 (iPhone; CPU iPhone OS 26_2_0 like Mac OS X) AppleWebKit/605.1.15 (KHTML, like Gecko) CriOS/144.0.7559.95 Mobile/15E148 Safari/604.1"
167.60.202.104 - - [30/Jan/2026:21:41:26 -0300] "GET /poll/4/vote HTTP/2.0" 404 173 "https://uy037.duckdns.org/login?next=%2Fpoll%2F4%2Fvote" "Mozilla/5.0 (iPhone; CPU iPhone OS 26_2_0 like Mac OS X) AppleWebKit/605.1.15 (KHTML, like Gecko) CriOS/144.0.7559.95 Mobile/15E148 Safari/604.1"
179.29.45.58 - - [30/Jan/2026:21:41:57 -0300] "GET /poll/4/vote HTTP/2.0" 404 173 "https://uy037.duckdns.org/login?next=%2Fpoll%2F4%2Fvote" "Mozilla/5.0 (iPhone; CPU iPhone OS 26_2_0 like Mac OS X) AppleWebKit/605.1.15 (KHTML, like Gecko) CriOS/144.0.7559.95 Mobile/15E148 Safari/604.1"
179.29.45.58 - - [30/Jan/2026:21:42:21 -0300] "GET / HTTP/2.0" 200 4079 "-" "Mozilla/5.0 (iPhone; CPU iPhone OS 26_2_0 like Mac OS X) AppleWebKit/605.1.15 (KHTML, like Gecko) CriOS/144.0.7559.95 Mobile/15E148 Safari/604.1"
179.29.45.58 - - [30/Jan/2026:21:42:27 -0300] "GET /polls HTTP/2.0" 200 2199 "https://uy037.duckdns.org/" "Mozilla/5.0 (iPhone; CPU iPhone OS 26_2_0 like Mac OS X) AppleWebKit/605.1.15 (KHTML, like Gecko) CriOS/144.0.7559.95 Mobile/15E148 Safari/604.1"
179.29.45.58 - - [30/Jan/2026:21:42:32 -0300] "GET /poll/5/results HTTP/2.0" 200 3792 "https://uy037.duckdns.org/polls" "Mozilla/5.0 (iPhone; CPU iPhone OS 26_2_0 like Mac OS X) AppleWebKit/605.1.15 (KHTML, like Gecko) CriOS/144.0.7559.95 Mobile/15E148 Safari/604.1"
179.29.45.58 - - [30/Jan/2026:21:42:49 -0300] "GET / HTTP/2.0" 200 4079 "https://uy037.duckdns.org/polls" "Mozilla/5.0 (iPhone; CPU iPhone OS 26_2_0 like Mac OS X) AppleWebKit/605.1.15 (KHTML, like Gecko) CriOS/144.0.7559.95 Mobile/15E148 Safari/604.1"
167.60.202.104 - - [30/Jan/2026:21:43:50 -0300] "GET /?page=1&search=&sort=rating_asc HTTP/2.0" 200 4048 "https://uy037.duckdns.org/?page=2&search=&sort=rating_asc" "Mozilla/5.0 (Windows NT 10.0; Win64; x64; rv:147.0) Gecko/20100101 Firefox/147.0"
167.60.202.104 - - [30/Jan/2026:21:44:35 -0300] "GET /?search=&sort=my_rating HTTP/2.0" 200 4152 "https://uy037.duckdns.org/?page=1&search=&sort=rating_asc" "Mozilla/5.0 (Windows NT 10.0; Win64; x64; rv:147.0) Gecko/20100101 Firefox/147.0"
167.60.202.104 - - [30/Jan/2026:21:46:16 -0300] "GET /?page=2&search=&sort=my_rating HTTP/2.0" 200 2585 "https://uy037.duckdns.org/?search=&sort=my_rating" "Mozilla/5.0 (Windows NT 10.0; Win64; x64; rv:147.0) Gecko/20100101 Firefox/147.0"
167.60.202.104 - - [30/Jan/2026:21:46:22 -0300] "GET /?page=1&search=&sort=my_rating HTTP/2.0" 200 4152 "https://uy037.duckdns.org/?page=2&search=&sort=my_rating" "Mozilla/5.0 (Windows NT 10.0; Win64; x64; rv:147.0) Gecko/20100101 Firefox/147.0"
167.60.202.104 - - [30/Jan/2026:21:46:27 -0300] "GET /?page=2&search=&sort=my_rating HTTP/2.0" 200 2585 "https://uy037.duckdns.org/?page=1&search=&sort=my_rating" "Mozilla/5.0 (Windows NT 10.0; Win64; x64; rv:147.0) Gecko/20100101 Firefox/147.0"
167.60.202.104 - - [30/Jan/2026:21:46:29 -0300] "GET /?page=1&search=&sort=my_rating HTTP/2.0" 200 4152 "https://uy037.duckdns.org/?page=2&search=&sort=my_rating" "Mozilla/5.0 (Windows NT 10.0; Win64; x64; rv:147.0) Gecko/20100101 Firefox/147.0"
167.60.202.104 - - [30/Jan/2026:21:46:39 -0300] "GET /?search=&sort=rating_desc HTTP/2.0" 200 4148 "https://uy037.duckdns.org/?page=1&search=&sort=my_rating" "Mozilla/5.0 (Windows NT 10.0; Win64; x64; rv:147.0) Gecko/20100101 Firefox/147.0"
167.60.202.104 - - [30/Jan/2026:21:46:50 -0300] "GET /?page=2&search=&sort=rating_desc HTTP/2.0" 200 3317 "https://uy037.duckdns.org/?search=&sort=rating_desc" "Mozilla/5.0 (Windows NT 10.0; Win64; x64; rv:147.0) Gecko/20100101 Firefox/147.0"
167.60.202.104 - - [30/Jan/2026:21:47:33 -0300] "GET /?page=1&search=&sort=rating_desc HTTP/2.0" 200 4148 "https://uy037.duckdns.org/?page=2&search=&sort=rating_desc" "Mozilla/5.0 (Windows NT 10.0; Win64; x64; rv:147.0) Gecko/20100101 Firefox/147.0"
89.42.231.200 - - [30/Jan/2026:21:49:22 -0300] "GET /SDK/webLanguage HTTP/1.1" 404 184 "-" "Mozilla/5.0 (Windows NT 10.0; Win64; x64) AppleWebKit/537.36 (KHTML, like Gecko) Chrome/90.0.4430.85 Safari/537.36 Edg/90.0.818.46"
147.185.133.13 - - [30/Jan/2026:21:57:23 -0300] "\x00\x00\x001\xFFSMBr\x00\x00\x00\x00\x18Eh\x00\x00\x00\x00\x00\x00\x00\x00\x00\x00\x00\x00\x00\x00\xB5}\x00\x00\x01\x00\x00\x0E\x00\x02NT LM 0.12\x00\x02\x00" 400 157 "-" "-"
147.185.133.13 - - [30/Jan/2026:21:57:24 -0300] "\x00\x00\x00f\xFESMB@\x00\x00\x00\x00\x00\x00\x00\x00\x00\x00\x00\x00\x00\x00\x00\x00\x00\x00\x00\x00\x00\x00\x00\x00\x00\x00\x00\x00\x00\x00\x00\x00\x00\x00\x00\x00\x00\x00\x00\x00\x00\x00\x001234567890123456$\x00\x01\x00\x01\x00\x00\x00\x00\x00\x00\x001234567890123456\x00\x00\x00\x00\x00\x00\x00\x00\x02\x02" 400 157 "-" "-"
147.185.133.13 - - [30/Jan/2026:21:57:24 -0300] "\x00\x00\x00f\xFESMB@\x00\x00\x00\x00\x00\x00\x00\x00\x00\x00\x00\x00\x00\x00\x00\x00\x00\x00\x00\x00\x00\x00\x00\x00\x00\x00\x00\x00\x00\x00\x00\x00\x00\x00\x00\x00\x00\x00\x00\x00\x00\x00\x001234567890123456$\x00\x01\x00\x01\x00\x00\x00\x00\x00\x00\x001234567890123456\x00\x00\x00\x00\x00\x00\x00\x00\x10\x02" 400 157 "-" "-"
147.185.133.13 - - [30/Jan/2026:21:57:25 -0300] "\x00\x00\x00f\xFESMB@\x00\x00\x00\x00\x00\x00\x00\x00\x00\x00\x00\x00\x00\x00\x00\x00\x00\x00\x00\x00\x00\x00\x00\x00\x00\x00\x00\x00\x00\x00\x00\x00\x00\x00\x00\x00\x00\x00\x00\x00\x00\x00\x001234567890123456$\x00\x01\x00\x01\x00\x00\x00\x00\x00\x00\x001234567890123456\x00\x00\x00\x00\x00\x00\x00\x00\x00\x03" 400 157 "-" "-"
147.185.133.13 - - [30/Jan/2026:21:57:25 -0300] "\x00\x00\x00f\xFESMB@\x00\x00\x00\x00\x00\x00\x00\x00\x00\x00\x00\x00\x00\x00\x00\x00\x00\x00\x00\x00\x00\x00\x00\x00\x00\x00\x00\x00\x00\x00\x00\x00\x00\x00\x00\x00\x00\x00\x00\x00\x00\x00\x001234567890123456$\x00\x01\x00\x01\x00\x00\x00\x00\x00\x00\x001234567890123456\x00\x00\x00\x00\x00\x00\x00\x00\x02\x03" 400 157 "-" "-"
147.185.133.13 - - [30/Jan/2026:21:57:26 -0300] "\x00\x00\x00\xAC\xFESMB@\x00\x00\x00\x00\x00\x00\x00\x00\x00\x00\x00\x00\x00\x00\x00\x00\x00\x00\x00\x00\x00\x00\x00\x00\x00\x00\x00\x00\x00\x00\x00\x00\x00\x00\x00\x00\x00\x00\x00\x00\x00\x00\x001234567890123456$\x00\x01\x00\x01\x00\x00\x00\x00\x00\x00\x001234567890123456h\x00\x00\x00\x02\x00\x00\x00\x11\x03\x00\x00\x02\x00\x06\x00\x00\x00\x00\x00\x02\x00\x02\x00\x01\x00\x00\x00\x01\x00,\x00\x00\x00\x00\x00\x02\x00\x02\x00\x01\x00\x01\x00 \x00\x01\x00\x00\x00\x00\x00\x00\x00\x00\x00\x00\x00\x00\x00\x00\x00\x00\x00\x01\x00\x00\x00\x00\x00\x00\x00\x00\x00\x00\x00\x00\x00\x00\x00" 400 157 "-" "-"
193.142.147.209 - - [30/Jan/2026:22:03:44 -0300] "GET / HTTP/1.1" 302 217 "http://167.60.202.104:80" "Mozilla/5.0 (Windows NT 10.0; Win64; x64) AppleWebKit/537.36"
193.142.147.209 - - [30/Jan/2026:22:03:45 -0300] "GET /login?next=%2F HTTP/1.1" 200 1390 "https://167.60.202.104/" "Mozilla/5.0 (Windows NT 10.0; Win64; x64) AppleWebKit/537.36"
91.224.92.115 - - [30/Jan/2026:22:20:32 -0300] "GET /cgi-bin/luci/;stok=/locale HTTP/1.1" 404 207 "http://167.60.202.104:80/cgi-bin/luci/;stok=/locale" "-"
5.61.209.92 - - [30/Jan/2026:22:31:39 -0300] "GET /SDK/webLanguage HTTP/1.1" 404 184 "-" "Mozilla/5.0 (Windows NT 10.0; Win64; x64) AppleWebKit/537.36 (KHTML, like Gecko) Chrome/90.0.4430.85 Safari/537.36 Edg/90.0.818.46"
45.79.207.71 - - [30/Jan/2026:22:33:29 -0300] "GET / HTTP/1.1" 400 255 "-" "Mozilla/5.0 zgrab/0.x"
167.57.116.243 - - [30/Jan/2026:23:39:08 -0300] "GET /polls HTTP/2.0" 200 2199 "https://uy037.duckdns.org/?page=1&search=&sort=rating_desc" "Mozilla/5.0 (Windows NT 10.0; Win64; x64; rv:147.0) Gecko/20100101 Firefox/147.0"
167.57.116.243 - - [30/Jan/2026:23:48:10 -0300] "GET /polls HTTP/2.0" 200 2199 "-" "Mozilla/5.0 (Windows NT 10.0; Win64; x64; rv:147.0) Gecko/20100101 Firefox/147.0"
167.57.116.243 - - [30/Jan/2026:23:48:23 -0300] "GET /polls HTTP/2.0" 200 2199 "https://uy037.duckdns.org/polls" "Mozilla/5.0 (Windows NT 10.0; Win64; x64; rv:147.0) Gecko/20100101 Firefox/147.0"
167.57.116.243 - - [30/Jan/2026:23:48:25 -0300] "GET / HTTP/2.0" 200 4148 "https://uy037.duckdns.org/polls" "Mozilla/5.0 (Windows NT 10.0; Win64; x64; rv:147.0) Gecko/20100101 Firefox/147.0"
3.130.96.91 - - [30/Jan/2026:23:50:33 -0300] "GET / HTTP/1.1" 400 657 "-" "cypex.ai/scanning Mozilla/5.0 (Macintosh; Intel Mac OS X 10_15_7) Chrome/126.0.0.0 Safari/537.36"
3.130.96.91 - - [30/Jan/2026:23:52:03 -0300] "GET / HTTP/1.1" 400 657 "-" "cypex.ai/scanning Mozilla/5.0 (Macintosh; Intel Mac OS X 10_15_7) Chrome/126.0.0.0 Safari/537.36"
205.210.31.107 - - [30/Jan/2026:23:53:05 -0300] "GET / HTTP/1.1" 302 217 "http://167.57.116.243:80/" "Hello from Palo Alto Networks, find out more about our scans in https://docs-cortex.paloaltonetworks.com/r/1/Cortex-Xpanse/Scanning-activity"
205.210.31.107 - - [30/Jan/2026:23:53:05 -0300] "GET /login?next=%2F HTTP/1.1" 200 1390 "-" "Hello from Palo Alto Networks, find out more about our scans in https://docs-cortex.paloaltonetworks.com/r/1/Cortex-Xpanse/Scanning-activity"
3.130.96.91 - - [30/Jan/2026:23:54:32 -0300] "SSH-2.0-Go" 400 157 "-" "-"
193.142.147.209 - - [30/Jan/2026:23:55:39 -0300] "POST / HTTP/1.1" 405 153 "-" "Mozilla/5.0 (Windows NT 10.0; Win64; x64) AppleWebKit/537.36"
3.130.96.91 - - [30/Jan/2026:23:56:09 -0300] "" 400 0 "-" "-"
91.196.152.251 - - [30/Jan/2026:23:56:58 -0300] "GET /lang/custom/sbin/init HTTP/1.1" 404 207 "-" "Mozilla/5.0 (X11; Ubuntu; Linux x86_64; rv:134.0) Gecko/20100101 Firefox/134.0"
91.196.152.251 - - [30/Jan/2026:23:56:59 -0300] "GET /static/lang/custom/sbin/init HTTP/1.1" 404 207 "-" "Mozilla/5.0 (X11; Ubuntu; Linux x86_64; rv:134.0) Gecko/20100101 Firefox/134.0"
195.184.76.46 - - [30/Jan/2026:23:57:08 -0300] "GET /login?redir=/ng HTTP/1.1" 200 4373 "-" "Mozilla/5.0 (X11; Ubuntu; Linux x86_64; rv:134.0) Gecko/20100101 Firefox/134.0"
195.184.76.46 - - [30/Jan/2026:23:57:09 -0300] "GET /cvecheck-pchnks HTTP/1.1" 404 184 "-" "Mozilla/5.0 (X11; Ubuntu; Linux x86_64; rv:134.0) Gecko/20100101 Firefox/134.0"
20.199.113.235 - - [31/Jan/2026:00:04:45 -0300] "GET /wp-content/plugins/hellopress/wp_filemanager.php HTTP/1.1" 404 207 "-" "-"
20.199.113.235 - - [31/Jan/2026:00:04:45 -0300] "GET /rip.php HTTP/1.1" 404 207 "-" "-"
167.57.116.243 - - [31/Jan/2026:00:23:22 -0300] "GET /polls HTTP/2.0" 200 2199 "https://uy037.duckdns.org/" "Mozilla/5.0 (Windows NT 10.0; Win64; x64; rv:147.0) Gecko/20100101 Firefox/147.0"
167.57.116.243 - - [31/Jan/2026:00:23:28 -0300] "GET /poll/5/results HTTP/2.0" 200 3792 "https://uy037.duckdns.org/polls" "Mozilla/5.0 (Windows NT 10.0; Win64; x64; rv:147.0) Gecko/20100101 Firefox/147.0"
167.57.116.243 - - [31/Jan/2026:00:41:02 -0300] "GET /poll/5/results HTTP/2.0" 200 3792 "-" "Mozilla/5.0 (Windows NT 10.0; Win64; x64; rv:147.0) Gecko/20100101 Firefox/147.0"
167.57.116.243 - - [31/Jan/2026:00:41:11 -0300] "GET /poll/5/results HTTP/2.0" 200 3792 "-" "Mozilla/5.0 (Windows NT 10.0; Win64; x64; rv:147.0) Gecko/20100101 Firefox/147.0"
167.57.116.243 - - [31/Jan/2026:00:41:11 -0300] "GET /favicon.ico HTTP/2.0" 404 173 "https://uy037.duckdns.org/poll/5/results" "Mozilla/5.0 (Windows NT 10.0; Win64; x64; rv:147.0) Gecko/20100101 Firefox/147.0"
167.57.116.243 - - [31/Jan/2026:00:44:22 -0300] "GET /poll/5/results HTTP/2.0" 500 265 "-" "Mozilla/5.0 (Windows NT 10.0; Win64; x64; rv:147.0) Gecko/20100101 Firefox/147.0"
167.57.116.243 - - [31/Jan/2026:00:44:30 -0300] "GET / HTTP/2.0" 200 4148 "-" "Mozilla/5.0 (Windows NT 10.0; Win64; x64; rv:147.0) Gecko/20100101 Firefox/147.0"
167.57.116.243 - - [31/Jan/2026:00:44:33 -0300] "GET /polls HTTP/2.0" 500 265 "https://uy037.duckdns.org/" "Mozilla/5.0 (Windows NT 10.0; Win64; x64; rv:147.0) Gecko/20100101 Firefox/147.0"
167.57.116.243 - - [31/Jan/2026:00:44:40 -0300] "GET /polls HTTP/2.0" 500 265 "https://uy037.duckdns.org/" "Mozilla/5.0 (Windows NT 10.0; Win64; x64; rv:147.0) Gecko/20100101 Firefox/147.0"
167.57.116.243 - - [31/Jan/2026:00:44:41 -0300] "GET /favicon.ico HTTP/2.0" 404 173 "https://uy037.duckdns.org/polls" "Mozilla/5.0 (Windows NT 10.0; Win64; x64; rv:147.0) Gecko/20100101 Firefox/147.0"
167.57.116.243 - - [31/Jan/2026:00:44:47 -0300] "GET / HTTP/2.0" 200 4148 "-" "Mozilla/5.0 (Windows NT 10.0; Win64; x64; rv:147.0) Gecko/20100101 Firefox/147.0"
167.57.116.243 - - [31/Jan/2026:00:44:50 -0300] "GET / HTTP/2.0" 200 4148 "-" "Mozilla/5.0 (Windows NT 10.0; Win64; x64; rv:147.0) Gecko/20100101 Firefox/147.0"
167.57.116.243 - - [31/Jan/2026:00:44:50 -0300] "GET /favicon.ico HTTP/2.0" 404 173 "https://uy037.duckdns.org/" "Mozilla/5.0 (Windows NT 10.0; Win64; x64; rv:147.0) Gecko/20100101 Firefox/147.0"
167.57.116.243 - - [31/Jan/2026:00:46:49 -0300] "GET /polls HTTP/2.0" 500 265 "https://uy037.duckdns.org/" "Mozilla/5.0 (Windows NT 10.0; Win64; x64; rv:147.0) Gecko/20100101 Firefox/147.0"
193.142.147.209 - - [31/Jan/2026:00:49:28 -0300] "GET / HTTP/1.1" 302 217 "http://167.57.116.243:80" "Mozilla/5.0 (Windows NT 10.0; Win64; x64) AppleWebKit/537.36"
193.142.147.209 - - [31/Jan/2026:00:49:29 -0300] "GET /login?next=%2F HTTP/1.1" 200 1390 "https://167.57.116.243/" "Mozilla/5.0 (Windows NT 10.0; Win64; x64) AppleWebKit/537.36"
167.57.116.243 - - [31/Jan/2026:00:55:25 -0300] "GET / HTTP/2.0" 200 4148 "-" "Mozilla/5.0 (Windows NT 10.0; Win64; x64; rv:147.0) Gecko/20100101 Firefox/147.0"
167.57.116.243 - - [31/Jan/2026:00:55:28 -0300] "GET /polls HTTP/2.0" 200 2199 "https://uy037.duckdns.org/" "Mozilla/5.0 (Windows NT 10.0; Win64; x64; rv:147.0) Gecko/20100101 Firefox/147.0"
167.57.116.243 - - [31/Jan/2026:00:55:34 -0300] "GET /poll/5/results HTTP/2.0" 200 3795 "https://uy037.duckdns.org/polls" "Mozilla/5.0 (Windows NT 10.0; Win64; x64; rv:147.0) Gecko/20100101 Firefox/147.0"
179.29.3.209 - - [31/Jan/2026:00:56:58 -0300] "GET / HTTP/2.0" 302 217 "-" "Mozilla/5.0 (iPhone; CPU iPhone OS 18_6_2 like Mac OS X) AppleWebKit/605.1.15 (KHTML, like Gecko) Version/18.6 Mobile/15E148 Safari/604.1"
179.29.3.209 - - [31/Jan/2026:00:56:58 -0300] "GET /login?next=%2F HTTP/2.0" 200 1476 "-" "Mozilla/5.0 (iPhone; CPU iPhone OS 18_6_2 like Mac OS X) AppleWebKit/605.1.15 (KHTML, like Gecko) Version/18.6 Mobile/15E148 Safari/604.1"
179.29.3.209 - - [31/Jan/2026:00:57:00 -0300] "GET /favicon.ico HTTP/2.0" 404 173 "https://uy037.duckdns.org/login?next=%2F" "Mozilla/5.0 (iPhone; CPU iPhone OS 18_6_2 like Mac OS X) AppleWebKit/605.1.15 (KHTML, like Gecko) Version/18.6 Mobile/15E148 Safari/604.1"
179.29.3.209 - - [31/Jan/2026:00:57:15 -0300] "POST /login?next=%2F HTTP/2.0" 302 189 "https://uy037.duckdns.org/login?next=%2F" "Mozilla/5.0 (iPhone; CPU iPhone OS 18_6_2 like Mac OS X) AppleWebKit/605.1.15 (KHTML, like Gecko) Version/18.6 Mobile/15E148 Safari/604.1"
179.29.3.209 - - [31/Jan/2026:00:57:15 -0300] "GET / HTTP/2.0" 200 3969 "https://uy037.duckdns.org/login?next=%2F" "Mozilla/5.0 (iPhone; CPU iPhone OS 18_6_2 like Mac OS X) AppleWebKit/605.1.15 (KHTML, like Gecko) Version/18.6 Mobile/15E148 Safari/604.1"
179.29.3.209 - - [31/Jan/2026:00:57:31 -0300] "GET /polls HTTP/2.0" 200 1926 "https://uy037.duckdns.org/" "Mozilla/5.0 (iPhone; CPU iPhone OS 18_6_2 like Mac OS X) AppleWebKit/605.1.15 (KHTML, like Gecko) Version/18.6 Mobile/15E148 Safari/604.1"
179.29.3.209 - - [31/Jan/2026:00:57:32 -0300] "GET /polls HTTP/2.0" 200 1926 "https://uy037.duckdns.org/" "Mozilla/5.0 (iPhone; CPU iPhone OS 18_6_2 like Mac OS X) AppleWebKit/605.1.15 (KHTML, like Gecko) Version/18.6 Mobile/15E148 Safari/604.1"
179.29.3.209 - - [31/Jan/2026:00:57:45 -0300] "GET /poll/5/vote HTTP/2.0" 200 3181 "https://uy037.duckdns.org/polls" "Mozilla/5.0 (iPhone; CPU iPhone OS 18_6_2 like Mac OS X) AppleWebKit/605.1.15 (KHTML, like Gecko) Version/18.6 Mobile/15E148 Safari/604.1"
167.57.116.243 - - [31/Jan/2026:01:01:28 -0300] "GET /polls HTTP/2.0" 200 2199 "https://uy037.duckdns.org/poll/5/results" "Mozilla/5.0 (Windows NT 10.0; Win64; x64; rv:147.0) Gecko/20100101 Firefox/147.0"
167.57.116.243 - - [31/Jan/2026:01:01:33 -0300] "GET / HTTP/2.0" 200 4148 "https://uy037.duckdns.org/polls" "Mozilla/5.0 (Windows NT 10.0; Win64; x64; rv:147.0) Gecko/20100101 Firefox/147.0"
167.57.116.243 - - [31/Jan/2026:01:01:36 -0300] "GET /polls HTTP/2.0" 200 2199 "https://uy037.duckdns.org/" "Mozilla/5.0 (Windows NT 10.0; Win64; x64; rv:147.0) Gecko/20100101 Firefox/147.0"
167.57.116.243 - - [31/Jan/2026:01:06:50 -0300] "GET / HTTP/2.0" 200 4148 "https://uy037.duckdns.org/polls" "Mozilla/5.0 (Windows NT 10.0; Win64; x64; rv:147.0) Gecko/20100101 Firefox/147.0"
167.57.116.243 - - [31/Jan/2026:01:06:52 -0300] "GET /users HTTP/2.0" 200 4521 "https://uy037.duckdns.org/" "Mozilla/5.0 (Windows NT 10.0; Win64; x64; rv:147.0) Gecko/20100101 Firefox/147.0"
167.57.116.243 - - [31/Jan/2026:01:06:59 -0300] "GET /admin/login-history HTTP/2.0" 200 3267 "https://uy037.duckdns.org/users" "Mozilla/5.0 (Windows NT 10.0; Win64; x64; rv:147.0) Gecko/20100101 Firefox/147.0"
167.57.116.243 - - [31/Jan/2026:01:07:11 -0300] "GET / HTTP/2.0" 200 4148 "https://uy037.duckdns.org/admin/login-history" "Mozilla/5.0 (Windows NT 10.0; Win64; x64; rv:147.0) Gecko/20100101 Firefox/147.0"
167.57.116.243 - - [31/Jan/2026:01:07:43 -0300] "GET /?page=2&search=&sort=rating_desc HTTP/2.0" 200 3317 "https://uy037.duckdns.org/" "Mozilla/5.0 (Windows NT 10.0; Win64; x64; rv:147.0) Gecko/20100101 Firefox/147.0"
152.136.153.69 - - [31/Jan/2026:01:13:32 -0300] "GET / HTTP/1.1" 302 217 "http://167.57.116.243" "Go-http-client/1.1"
152.136.153.69 - - [31/Jan/2026:01:13:32 -0300] "GET /login?next=%2F HTTP/1.1" 200 1390 "https://167.57.116.243/" "Go-http-client/1.1"
193.142.147.209 - - [31/Jan/2026:02:14:29 -0300] "POST / HTTP/1.1" 405 153 "-" "Mozilla/5.0 (Windows NT 10.0; Win64; x64) AppleWebKit/537.36"
128.140.35.217 - - [31/Jan/2026:02:33:18 -0300] "POST /cgi-bin/.%2e/.%2e/.%2e/.%2e/.%2e/.%2e/.%2e/.%2e/.%2e/.%2e/bin/sh HTTP/1.1" 400 157 "-" "-"
102.244.97.183 - - [31/Jan/2026:02:43:57 -0300] "POST /hello.world?%ADd+allow_url_include%3d1+%ADd+auto_prepend_file%3dphp://input HTTP/1.1" 404 207 "-" "libredtail-http"
102.244.97.183 - - [31/Jan/2026:02:43:57 -0300] "POST /?%ADd+allow_url_include%3d1+%ADd+auto_prepend_file%3dphp://input HTTP/1.1" 405 153 "-" "libredtail-http"
102.244.97.183 - - [31/Jan/2026:02:43:58 -0300] "GET /vendor/phpunit/phpunit/src/Util/PHP/eval-stdin.php HTTP/1.1" 404 207 "-" "libredtail-http"
102.244.97.183 - - [31/Jan/2026:02:43:58 -0300] "GET /vendor/phpunit/phpunit/Util/PHP/eval-stdin.php HTTP/1.1" 404 207 "-" "libredtail-http"
102.244.97.183 - - [31/Jan/2026:02:43:59 -0300] "GET /vendor/phpunit/src/Util/PHP/eval-stdin.php HTTP/1.1" 404 207 "-" "libredtail-http"
102.244.97.183 - - [31/Jan/2026:02:43:59 -0300] "GET /vendor/phpunit/Util/PHP/eval-stdin.php HTTP/1.1" 404 207 "-" "libredtail-http"
102.244.97.183 - - [31/Jan/2026:02:44:00 -0300] "GET /vendor/phpunit/phpunit/LICENSE/eval-stdin.php HTTP/1.1" 404 207 "-" "libredtail-http"
102.244.97.183 - - [31/Jan/2026:02:44:00 -0300] "GET /vendor/vendor/phpunit/phpunit/src/Util/PHP/eval-stdin.php HTTP/1.1" 404 207 "-" "libredtail-http"
102.244.97.183 - - [31/Jan/2026:02:44:01 -0300] "GET /phpunit/phpunit/src/Util/PHP/eval-stdin.php HTTP/1.1" 404 207 "-" "libredtail-http"
102.244.97.183 - - [31/Jan/2026:02:44:01 -0300] "GET /phpunit/phpunit/Util/PHP/eval-stdin.php HTTP/1.1" 404 207 "-" "libredtail-http"
102.244.97.183 - - [31/Jan/2026:02:44:02 -0300] "GET /phpunit/src/Util/PHP/eval-stdin.php HTTP/1.1" 404 207 "-" "libredtail-http"
102.244.97.183 - - [31/Jan/2026:02:44:02 -0300] "GET /phpunit/Util/PHP/eval-stdin.php HTTP/1.1" 404 207 "-" "libredtail-http"
102.244.97.183 - - [31/Jan/2026:02:44:03 -0300] "GET /lib/phpunit/phpunit/src/Util/PHP/eval-stdin.php HTTP/1.1" 404 207 "-" "libredtail-http"
102.244.97.183 - - [31/Jan/2026:02:44:03 -0300] "GET /lib/phpunit/phpunit/Util/PHP/eval-stdin.php HTTP/1.1" 404 207 "-" "libredtail-http"
102.244.97.183 - - [31/Jan/2026:02:44:03 -0300] "GET /lib/phpunit/src/Util/PHP/eval-stdin.php HTTP/1.1" 404 207 "-" "libredtail-http"
102.244.97.183 - - [31/Jan/2026:02:44:04 -0300] "GET /lib/phpunit/Util/PHP/eval-stdin.php HTTP/1.1" 404 207 "-" "libredtail-http"
102.244.97.183 - - [31/Jan/2026:02:44:05 -0300] "GET /lib/vendor/phpunit/phpunit/src/Util/PHP/eval-stdin.php HTTP/1.1" 404 207 "-" "libredtail-http"
102.244.97.183 - - [31/Jan/2026:02:44:05 -0300] "GET /laravel/vendor/phpunit/phpunit/src/Util/PHP/eval-stdin.php HTTP/1.1" 404 207 "-" "libredtail-http"
102.244.97.183 - - [31/Jan/2026:02:44:06 -0300] "GET /www/vendor/phpunit/phpunit/src/Util/PHP/eval-stdin.php HTTP/1.1" 404 207 "-" "libredtail-http"
102.244.97.183 - - [31/Jan/2026:02:44:06 -0300] "GET /ws/vendor/phpunit/phpunit/src/Util/PHP/eval-stdin.php HTTP/1.1" 404 207 "-" "libredtail-http"
102.244.97.183 - - [31/Jan/2026:02:44:06 -0300] "GET /yii/vendor/phpunit/phpunit/src/Util/PHP/eval-stdin.php HTTP/1.1" 404 207 "-" "libredtail-http"
102.244.97.183 - - [31/Jan/2026:02:44:07 -0300] "GET /zend/vendor/phpunit/phpunit/src/Util/PHP/eval-stdin.php HTTP/1.1" 404 207 "-" "libredtail-http"
102.244.97.183 - - [31/Jan/2026:02:44:07 -0300] "GET /ws/ec/vendor/phpunit/phpunit/src/Util/PHP/eval-stdin.php HTTP/1.1" 404 207 "-" "libredtail-http"
102.244.97.183 - - [31/Jan/2026:02:44:07 -0300] "GET /V2/vendor/phpunit/phpunit/src/Util/PHP/eval-stdin.php HTTP/1.1" 404 207 "-" "libredtail-http"
102.244.97.183 - - [31/Jan/2026:02:44:08 -0300] "GET /tests/vendor/phpunit/phpunit/src/Util/PHP/eval-stdin.php HTTP/1.1" 404 207 "-" "libredtail-http"
102.244.97.183 - - [31/Jan/2026:02:44:08 -0300] "GET /test/vendor/phpunit/phpunit/src/Util/PHP/eval-stdin.php HTTP/1.1" 404 207 "-" "libredtail-http"
102.244.97.183 - - [31/Jan/2026:02:44:09 -0300] "GET /testing/vendor/phpunit/phpunit/src/Util/PHP/eval-stdin.php HTTP/1.1" 404 207 "-" "libredtail-http"
102.244.97.183 - - [31/Jan/2026:02:44:09 -0300] "GET /api/vendor/phpunit/phpunit/src/Util/PHP/eval-stdin.php HTTP/1.1" 404 207 "-" "libredtail-http"
102.244.97.183 - - [31/Jan/2026:02:44:09 -0300] "GET /demo/vendor/phpunit/phpunit/src/Util/PHP/eval-stdin.php HTTP/1.1" 404 207 "-" "libredtail-http"
102.244.97.183 - - [31/Jan/2026:02:44:10 -0300] "GET /cms/vendor/phpunit/phpunit/src/Util/PHP/eval-stdin.php HTTP/1.1" 404 207 "-" "libredtail-http"
102.244.97.183 - - [31/Jan/2026:02:44:10 -0300] "GET /crm/vendor/phpunit/phpunit/src/Util/PHP/eval-stdin.php HTTP/1.1" 404 207 "-" "libredtail-http"
102.244.97.183 - - [31/Jan/2026:02:44:10 -0300] "GET /admin/vendor/phpunit/phpunit/src/Util/PHP/eval-stdin.php HTTP/1.1" 404 207 "-" "libredtail-http"
102.244.97.183 - - [31/Jan/2026:02:44:11 -0300] "GET /backup/vendor/phpunit/phpunit/src/Util/PHP/eval-stdin.php HTTP/1.1" 404 207 "-" "libredtail-http"
102.244.97.183 - - [31/Jan/2026:02:44:11 -0300] "GET /blog/vendor/phpunit/phpunit/src/Util/PHP/eval-stdin.php HTTP/1.1" 404 207 "-" "libredtail-http"
102.244.97.183 - - [31/Jan/2026:02:44:12 -0300] "GET /workspace/drupal/vendor/phpunit/phpunit/src/Util/PHP/eval-stdin.php HTTP/1.1" 404 207 "-" "libredtail-http"
102.244.97.183 - - [31/Jan/2026:02:44:12 -0300] "GET /panel/vendor/phpunit/phpunit/src/Util/PHP/eval-stdin.php HTTP/1.1" 404 207 "-" "libredtail-http"
102.244.97.183 - - [31/Jan/2026:02:44:12 -0300] "GET /public/vendor/phpunit/phpunit/src/Util/PHP/eval-stdin.php HTTP/1.1" 404 207 "-" "libredtail-http"
102.244.97.183 - - [31/Jan/2026:02:44:13 -0300] "GET /apps/vendor/phpunit/phpunit/src/Util/PHP/eval-stdin.php HTTP/1.1" 404 207 "-" "libredtail-http"
102.244.97.183 - - [31/Jan/2026:02:44:13 -0300] "GET /app/vendor/phpunit/phpunit/src/Util/PHP/eval-stdin.php HTTP/1.1" 404 207 "-" "libredtail-http"
102.244.97.183 - - [31/Jan/2026:02:44:14 -0300] "GET /index.php?s=/index/\x5Cthink\x5Capp/invokefunction&function=call_user_func_array&vars[0]=md5&vars[1][]=Hello HTTP/1.1" 404 207 "-" "libredtail-http"
102.244.97.183 - - [31/Jan/2026:02:44:14 -0300] "GET /public/index.php?s=/index/\x5Cthink\x5Capp/invokefunction&function=call_user_func_array&vars[0]=md5&vars[1][]=Hello HTTP/1.1" 404 207 "-" "libredtail-http"
102.244.97.183 - - [31/Jan/2026:02:44:15 -0300] "GET /index.php?lang=../../../../../../../../usr/local/lib/php/pearcmd&+config-create+/&/<?echo(md5(\x22hi\x22));?>+/tmp/index1.php HTTP/1.1" 404 207 "-" "libredtail-http"
102.244.97.183 - - [31/Jan/2026:02:44:15 -0300] "GET /index.php?lang=../../../../../../../../tmp/index1 HTTP/1.1" 404 207 "-" "libredtail-http"
102.244.97.183 - - [31/Jan/2026:02:44:15 -0300] "GET /containers/json HTTP/1.1" 404 207 "-" "libredtail-http"
193.142.147.209 - - [31/Jan/2026:03:08:00 -0300] "GET / HTTP/1.1" 302 217 "http://167.57.116.243:80" "Mozilla/5.0 (Windows NT 10.0; Win64; x64) AppleWebKit/537.36"
193.142.147.209 - - [31/Jan/2026:03:08:00 -0300] "GET /login?next=%2F HTTP/1.1" 200 1390 "https://167.57.116.243/" "Mozilla/5.0 (Windows NT 10.0; Win64; x64) AppleWebKit/537.36"
35.240.115.119 - - [31/Jan/2026:03:24:36 -0300] "GET / HTTP/1.1" 302 217 "-" "python-requests/2.32.5"
147.185.132.80 - - [31/Jan/2026:03:47:15 -0300] "GET / HTTP/1.1" 302 217 "-" "Hello from Palo Alto Networks, find out more about our scans in https://docs-cortex.paloaltonetworks.com/r/1/Cortex-Xpanse/Scanning-activity"
147.185.132.80 - - [31/Jan/2026:03:47:15 -0300] "GET /login?next=%2F HTTP/1.1" 200 1390 "-" "Hello from Palo Alto Networks, find out more about our scans in https://docs-cortex.paloaltonetworks.com/r/1/Cortex-Xpanse/Scanning-activity"
52.4.80.239 - - [31/Jan/2026:03:51:16 -0300] "GET / HTTP/1.1" 302 217 "http://167.57.116.243" "Go-http-client/1.1"
52.4.80.239 - - [31/Jan/2026:03:51:16 -0300] "GET /login?next=%2F HTTP/1.1" 200 1390 "https://167.57.116.243/" "Go-http-client/1.1"
52.4.80.239 - - [31/Jan/2026:03:51:17 -0300] "GET / HTTP/1.1" 302 217 "-" "Go-http-client/1.1"
52.4.80.239 - - [31/Jan/2026:03:51:17 -0300] "GET /login?next=%2F HTTP/1.1" 200 1390 "https://167.57.116.243" "Go-http-client/1.1"
87.236.176.159 - - [31/Jan/2026:03:56:59 -0300] "GET / HTTP/1.1" 302 217 "-" "Mozilla/5.0 (compatible; InternetMeasurement/1.0; +https://internet-measurement.com/)"
87.236.176.159 - - [31/Jan/2026:03:57:00 -0300] "GET /login?next=%2F HTTP/1.1" 200 1488 "https://167.57.116.243" "Mozilla/5.0 (compatible; InternetMeasurement/1.0; +https://internet-measurement.com/)"
203.153.232.253 - - [31/Jan/2026:04:02:15 -0300] "GET / HTTP/1.1" 302 217 "-" "Go-http-client/1.1"
203.153.232.253 - - [31/Jan/2026:04:02:15 -0300] "GET /login?next=%2F HTTP/1.1" 200 1390 "https://167.57.116.243" "Go-http-client/1.1"
193.142.147.209 - - [31/Jan/2026:04:33:02 -0300] "POST / HTTP/1.1" 405 153 "-" "Mozilla/5.0 (Windows NT 10.0; Win64; x64) AppleWebKit/537.36"
45.91.64.6 - - [31/Jan/2026:04:56:56 -0300] "GET / HTTP/1.0" 400 657 "-" "Mozilla/5.0 (Linux; Android 12; SM-G780G) AppleWebKit/537.36 (KHTML, like Gecko) Chrome/100.0.4896.127 Mobile Safari/537.36"
95.215.0.144 - - [31/Jan/2026:04:57:37 -0300] "GET / HTTP/1.1" 400 255 "-" "fasthttp"
46.161.50.108 - - [31/Jan/2026:04:57:37 -0300] "GET /aaa9 HTTP/1.1" 404 184 "-" "Mozilla/5.0 (Windows NT 10.0; Win64; x64) AppleWebKit/537.36 (KHTML, like Gecko) Chrome/70.0.3538.77 Safari/537.36"
46.161.50.108 - - [31/Jan/2026:04:57:38 -0300] "GET /aaa9 HTTP/1.1" 400 657 "-" "Mozilla/5.0 (Windows NT 10.0; Win64; x64) AppleWebKit/537.36 (KHTML, like Gecko) Chrome/70.0.3538.77 Safari/537.36"
46.161.50.108 - - [31/Jan/2026:04:57:38 -0300] "GET /aab9 HTTP/1.1" 404 184 "-" "Mozilla/5.0 (Windows NT 10.0; Win64; x64) AppleWebKit/537.36 (KHTML, like Gecko) Chrome/70.0.3538.77 Safari/537.36"
46.161.50.108 - - [31/Jan/2026:04:57:39 -0300] "GET /aab9 HTTP/1.1" 400 657 "-" "Mozilla/5.0 (Windows NT 10.0; Win64; x64) AppleWebKit/537.36 (KHTML, like Gecko) Chrome/70.0.3538.77 Safari/537.36"
46.161.50.108 - - [31/Jan/2026:04:57:54 -0300] "GET /aaa9 HTTP/1.1" 404 184 "-" "Mozilla/5.0 (Windows NT 10.0; Win64; x64) AppleWebKit/537.36 (KHTML, like Gecko) Chrome/70.0.3538.77 Safari/537.36"
46.161.50.108 - - [31/Jan/2026:04:57:54 -0300] "GET /aaa9 HTTP/1.1" 400 657 "-" "Mozilla/5.0 (Windows NT 10.0; Win64; x64) AppleWebKit/537.36 (KHTML, like Gecko) Chrome/70.0.3538.77 Safari/537.36"
46.161.50.108 - - [31/Jan/2026:04:57:55 -0300] "GET /aab9 HTTP/1.1" 404 184 "-" "Mozilla/5.0 (Windows NT 10.0; Win64; x64) AppleWebKit/537.36 (KHTML, like Gecko) Chrome/70.0.3538.77 Safari/537.36"
46.161.50.108 - - [31/Jan/2026:04:57:55 -0300] "GET /aab9 HTTP/1.1" 400 657 "-" "Mozilla/5.0 (Windows NT 10.0; Win64; x64) AppleWebKit/537.36 (KHTML, like Gecko) Chrome/70.0.3538.77 Safari/537.36"
193.142.147.209 - - [31/Jan/2026:05:18:43 -0300] "GET / HTTP/1.1" 302 217 "http://167.57.116.243:80" "Mozilla/5.0 (Windows NT 10.0; Win64; x64) AppleWebKit/537.36"
193.142.147.209 - - [31/Jan/2026:05:18:44 -0300] "GET /login?next=%2F HTTP/1.1" 200 1390 "https://167.57.116.243/" "Mozilla/5.0 (Windows NT 10.0; Win64; x64) AppleWebKit/537.36"
147.185.133.184 - - [31/Jan/2026:05:26:32 -0300] "GET / HTTP/1.1" 302 217 "http://167.57.116.243:80/" "Hello from Palo Alto Networks, find out more about our scans in https://docs-cortex.paloaltonetworks.com/r/1/Cortex-Xpanse/Scanning-activity"
147.185.133.184 - - [31/Jan/2026:05:26:33 -0300] "GET /login?next=%2F HTTP/1.1" 200 1390 "-" "Hello from Palo Alto Networks, find out more about our scans in https://docs-cortex.paloaltonetworks.com/r/1/Cortex-Xpanse/Scanning-activity"
5.61.209.92 - - [31/Jan/2026:06:12:11 -0300] "GET /SDK/webLanguage HTTP/1.1" 404 184 "-" "Mozilla/5.0 (Windows NT 10.0; Win64; x64) AppleWebKit/537.36 (KHTML, like Gecko) Chrome/90.0.4430.85 Safari/537.36 Edg/90.0.818.46"
82.165.66.87 - - [31/Jan/2026:06:30:57 -0300] "POST /cgi-bin/.%2e/.%2e/.%2e/.%2e/.%2e/.%2e/.%2e/.%2e/.%2e/.%2e/bin/sh HTTP/1.1" 400 157 "-" "-"
193.142.147.209 - - [31/Jan/2026:06:32:19 -0300] "POST / HTTP/1.1" 405 153 "-" "Mozilla/5.0 (Windows NT 10.0; Win64; x64) AppleWebKit/537.36"
193.142.147.209 - - [31/Jan/2026:07:09:43 -0300] "GET / HTTP/1.1" 302 217 "http://167.57.116.243:80" "Mozilla/5.0 (Windows NT 10.0; Win64; x64) AppleWebKit/537.36"
