103.76.121.243 - - [29/Jan/2026:02:16:58 -0300] "GET /index.php?route=checkout/cart HTTP/1.1" 404 184 "-" "Mozilla/5.0 (Windows NT 10.0; Win64; x64) AppleWebKit/537.36 (KHTML, like Gecko) Chrome/91.0.4472.124 Safari/537.36"
103.76.121.243 - - [29/Jan/2026:02:16:58 -0300] "GET /index.php?route=account/register HTTP/1.1" 404 184 "-" "Mozilla/5.0 (Windows NT 10.0; Win64; x64) AppleWebKit/537.36 (KHTML, like Gecko) Chrome/91.0.4472.124 Safari/537.36"
103.76.121.243 - - [29/Jan/2026:02:16:58 -0300] "GET /index.php?route=account/login HTTP/1.1" 404 184 "-" "Mozilla/5.0 (Windows NT 10.0; Win64; x64) AppleWebKit/537.36 (KHTML, like Gecko) Chrome/91.0.4472.124 Safari/537.36"
103.76.121.243 - - [29/Jan/2026:02:16:59 -0300] "GET /index.php?route=checkout/checkout HTTP/1.1" 404 184 "-" "Mozilla/5.0 (Windows NT 10.0; Win64; x64) AppleWebKit/537.36 (KHTML, like Gecko) Chrome/91.0.4472.124 Safari/537.36"
103.76.121.243 - - [29/Jan/2026:02:16:59 -0300] "GET /admin/ HTTP/1.1" 404 184 "-" "Mozilla/5.0 (Windows NT 10.0; Win64; x64) AppleWebKit/537.36 (KHTML, like Gecko) Chrome/91.0.4472.124 Safari/537.36"
103.76.121.243 - - [29/Jan/2026:02:17:00 -0300] "GET /wp-json/ HTTP/1.1" 404 184 "-" "Mozilla/5.0 (Windows NT 10.0; Win64; x64) AppleWebKit/537.36 (KHTML, like Gecko) Chrome/91.0.4472.124 Safari/537.36"
185.189.182.234 - - [29/Jan/2026:02:39:51 -0300] "GET / HTTP/1.1" 400 157 "-" "-"
213.32.122.82 - - [29/Jan/2026:02:42:38 -0300] "GET / HTTP/1.1" 400 657 "-" "Mozilla/5.0 (Windows NT 6.1) AppleWebKit/537.36 (KHTML, like Gecko) Chrome/41.0.2228.0 Safari/537.36"
178.62.215.149 - - [29/Jan/2026:03:01:11 -0300] "GET /.env HTTP/1.1" 400 255 "-" "Mozilla/5.0; Keydrop.io/1.0(onlyscans.com/about);"
178.62.215.149 - - [29/Jan/2026:03:01:12 -0300] "GET /.git/config HTTP/1.1" 400 255 "-" "Mozilla/5.0; Keydrop.io/1.0(onlyscans.com/about);"
185.242.226.124 - - [29/Jan/2026:03:22:32 -0300] "GET / HTTP/1.1" 400 657 "-" "Mozilla/5.0 (Windows NT 10.0; Win64; x64) AppleWebKit/537.36 (KHTML, like Gecko) Chrome/88.0.4324.190 Safari/537.36"
92.63.197.197 - - [29/Jan/2026:04:21:02 -0300] "GET / HTTP/1.1" 400 657 "-" "Mozilla/5.0 (Windows NT 6.3; WOW64) AppleWebKit/537.36 (KHTML, like Gecko) Chrome/43.0.2357.124 Safari/537.36"
92.63.197.197 - - [29/Jan/2026:04:21:03 -0300] "GET / HTTP/2.0" 302 217 "-" "Mozilla/5.0 (X11; Linux x86_64; rv:31.0) Gecko/20100101 Firefox/31.0"
193.142.147.209 - - [29/Jan/2026:04:37:38 -0300] "GET / HTTP/1.1" 302 217 "http://186.54.140.150:80" "Mozilla/5.0 (Windows NT 10.0; Win64; x64) AppleWebKit/537.36"
193.142.147.209 - - [29/Jan/2026:04:37:39 -0300] "GET /login?next=%2F HTTP/1.1" 200 1390 "https://186.54.140.150/" "Mozilla/5.0 (Windows NT 10.0; Win64; x64) AppleWebKit/537.36"
45.78.235.64 - - [29/Jan/2026:05:18:35 -0300] "POST /cgi-bin/.%2e/.%2e/.%2e/.%2e/.%2e/.%2e/.%2e/.%2e/.%2e/.%2e/bin/sh HTTP/1.1" 400 157 "-" "-"
193.142.147.209 - - [29/Jan/2026:06:04:02 -0300] "POST / HTTP/1.1" 405 153 "-" "Mozilla/5.0 (Windows NT 10.0; Win64; x64) AppleWebKit/537.36"
193.142.147.209 - - [29/Jan/2026:06:49:36 -0300] "GET / HTTP/1.1" 302 217 "http://186.54.140.150:80" "Mozilla/5.0 (Windows NT 10.0; Win64; x64) AppleWebKit/537.36"
193.142.147.209 - - [29/Jan/2026:06:49:37 -0300] "GET /login?next=%2F HTTP/1.1" 200 1390 "https://186.54.140.150/" "Mozilla/5.0 (Windows NT 10.0; Win64; x64) AppleWebKit/537.36"
20.38.35.154 - - [29/Jan/2026:07:32:08 -0300] "SSH-2.0-Go" 400 157 "-" "-"
20.38.35.154 - - [29/Jan/2026:07:32:09 -0300] "MGLNDD_186.54.140.150_443" 400 157 "-" "-"
194.50.16.253 - - [29/Jan/2026:08:21:53 -0300] "GET /cgi/conf.bin HTTP/1.1" 404 184 "http://186.54.140.150:80/mainFrame.htm" "Mozilla/5.0 (Windows NT 6.0) AppleWebKit/537.11 (KHTML, like Gecko) Chrome/23.0.1271.97 Safari/537.11"
193.142.147.209 - - [29/Jan/2026:08:44:03 -0300] "POST / HTTP/1.1" 405 153 "-" "Mozilla/5.0 (Windows NT 10.0; Win64; x64) AppleWebKit/537.36"
216.73.216.136 - - [29/Jan/2026:08:45:09 -0300] "GET /robots.txt HTTP/2.0" 404 173 "-" "Mozilla/5.0 AppleWebKit/537.36 (KHTML, like Gecko; compatible; ClaudeBot/1.0; +claudebot@anthropic.com)"
216.73.216.136 - - [29/Jan/2026:08:45:09 -0300] "GET / HTTP/2.0" 302 217 "-" "Mozilla/5.0 AppleWebKit/537.36 (KHTML, like Gecko; compatible; ClaudeBot/1.0; +claudebot@anthropic.com)"
216.73.216.136 - - [29/Jan/2026:08:45:09 -0300] "GET /login?next=%2F HTTP/2.0" 200 1476 "https://uy037.duckdns.org/" "Mozilla/5.0 AppleWebKit/537.36 (KHTML, like Gecko; compatible; ClaudeBot/1.0; +claudebot@anthropic.com)"
193.142.147.209 - - [29/Jan/2026:08:57:21 -0300] "GET / HTTP/1.1" 302 217 "http://186.54.140.150:80" "Mozilla/5.0 (Windows NT 10.0; Win64; x64) AppleWebKit/537.36"
193.142.147.209 - - [29/Jan/2026:08:57:22 -0300] "GET /login?next=%2F HTTP/1.1" 200 1390 "https://186.54.140.150/" "Mozilla/5.0 (Windows NT 10.0; Win64; x64) AppleWebKit/537.36"
79.124.40.174 - - [29/Jan/2026:09:08:29 -0300] "GET /?XDEBUG_SESSION_START=phpstorm HTTP/1.1" 302 285 "http://186.54.140.150:80/?XDEBUG_SESSION_START=phpstorm" "Mozilla/5.0 (Windows NT 10.0; Win64; x64) AppleWebKit/537.36 (KHTML, like Gecko) Chrome/78.0.3904.108 Safari/537.36"
79.124.40.174 - - [29/Jan/2026:09:08:30 -0300] "GET /login?next=%2F%3FXDEBUG_SESSION_START%3Dphpstorm HTTP/1.1" 200 1390 "https://186.54.140.150/?XDEBUG_SESSION_START=phpstorm" "Mozilla/5.0 (Windows NT 10.0; Win64; x64) AppleWebKit/537.36 (KHTML, like Gecko) Chrome/78.0.3904.108 Safari/537.36"
49.232.14.200 - - [29/Jan/2026:10:07:59 -0300] "POST /cgi-bin/.%2e/.%2e/.%2e/.%2e/.%2e/.%2e/.%2e/.%2e/.%2e/.%2e/bin/sh HTTP/1.1" 400 157 "-" "-"
186.54.140.150 - - [29/Jan/2026:10:09:37 -0300] "GET /?page=2&search=&sort=rating_asc HTTP/2.0" 500 265 "https://uy037.duckdns.org/?search=&sort=rating_asc" "Mozilla/5.0 (Windows NT 10.0; Win64; x64; rv:147.0) Gecko/20100101 Firefox/147.0"
186.54.140.150 - - [29/Jan/2026:10:09:47 -0300] "GET /game/add HTTP/2.0" 200 3079 "https://uy037.duckdns.org/" "Mozilla/5.0 (Windows NT 10.0; Win64; x64; rv:147.0) Gecko/20100101 Firefox/147.0"
5.61.209.92 - - [29/Jan/2026:10:10:59 -0300] "GET /SDK/webLanguage HTTP/1.1" 404 184 "-" "Mozilla/5.0 (Windows NT 10.0; Win64; x64) AppleWebKit/537.36 (KHTML, like Gecko) Chrome/90.0.4430.85 Safari/537.36 Edg/90.0.818.46"
35.203.211.220 - - [29/Jan/2026:10:23:02 -0300] "\x00\x00\x001\xFFSMBr\x00\x00\x00\x00\x18Eh\x00\x00\x00\x00\x00\x00\x00\x00\x00\x00\x00\x00\x00\x00\xB5}\x00\x00\x01\x00\x00\x0E\x00\x02NT LM 0.12\x00\x02\x00" 400 157 "-" "-"
35.203.211.220 - - [29/Jan/2026:10:23:02 -0300] "\x00\x00\x00f\xFESMB@\x00\x00\x00\x00\x00\x00\x00\x00\x00\x00\x00\x00\x00\x00\x00\x00\x00\x00\x00\x00\x00\x00\x00\x00\x00\x00\x00\x00\x00\x00\x00\x00\x00\x00\x00\x00\x00\x00\x00\x00\x00\x00\x001234567890123456$\x00\x01\x00\x01\x00\x00\x00\x00\x00\x00\x001234567890123456\x00\x00\x00\x00\x00\x00\x00\x00\x02\x02" 400 157 "-" "-"
35.203.211.220 - - [29/Jan/2026:10:23:03 -0300] "\x00\x00\x00f\xFESMB@\x00\x00\x00\x00\x00\x00\x00\x00\x00\x00\x00\x00\x00\x00\x00\x00\x00\x00\x00\x00\x00\x00\x00\x00\x00\x00\x00\x00\x00\x00\x00\x00\x00\x00\x00\x00\x00\x00\x00\x00\x00\x00\x001234567890123456$\x00\x01\x00\x01\x00\x00\x00\x00\x00\x00\x001234567890123456\x00\x00\x00\x00\x00\x00\x00\x00\x10\x02" 400 157 "-" "-"
35.203.211.220 - - [29/Jan/2026:10:23:03 -0300] "\x00\x00\x00f\xFESMB@\x00\x00\x00\x00\x00\x00\x00\x00\x00\x00\x00\x00\x00\x00\x00\x00\x00\x00\x00\x00\x00\x00\x00\x00\x00\x00\x00\x00\x00\x00\x00\x00\x00\x00\x00\x00\x00\x00\x00\x00\x00\x00\x001234567890123456$\x00\x01\x00\x01\x00\x00\x00\x00\x00\x00\x001234567890123456\x00\x00\x00\x00\x00\x00\x00\x00\x00\x03" 400 157 "-" "-"
35.203.211.220 - - [29/Jan/2026:10:23:04 -0300] "\x00\x00\x00f\xFESMB@\x00\x00\x00\x00\x00\x00\x00\x00\x00\x00\x00\x00\x00\x00\x00\x00\x00\x00\x00\x00\x00\x00\x00\x00\x00\x00\x00\x00\x00\x00\x00\x00\x00\x00\x00\x00\x00\x00\x00\x00\x00\x00\x001234567890123456$\x00\x01\x00\x01\x00\x00\x00\x00\x00\x00\x001234567890123456\x00\x00\x00\x00\x00\x00\x00\x00\x02\x03" 400 157 "-" "-"
35.203.211.220 - - [29/Jan/2026:10:23:04 -0300] "\x00\x00\x00\xAC\xFESMB@\x00\x00\x00\x00\x00\x00\x00\x00\x00\x00\x00\x00\x00\x00\x00\x00\x00\x00\x00\x00\x00\x00\x00\x00\x00\x00\x00\x00\x00\x00\x00\x00\x00\x00\x00\x00\x00\x00\x00\x00\x00\x00\x001234567890123456$\x00\x01\x00\x01\x00\x00\x00\x00\x00\x00\x001234567890123456h\x00\x00\x00\x02\x00\x00\x00\x11\x03\x00\x00\x02\x00\x06\x00\x00\x00\x00\x00\x02\x00\x02\x00\x01\x00\x00\x00\x01\x00,\x00\x00\x00\x00\x00\x02\x00\x02\x00\x01\x00\x01\x00 \x00\x01\x00\x00\x00\x00\x00\x00\x00\x00\x00\x00\x00\x00\x00\x00\x00\x00\x00\x01\x00\x00\x00\x00\x00\x00\x00\x00\x00\x00\x00\x00\x00\x00\x00" 400 157 "-" "-"
79.124.40.174 - - [29/Jan/2026:10:38:37 -0300] "GET /actuator/gateway/routes HTTP/1.1" 404 184 "http://186.54.140.150:80/actuator/gateway/routes" "Mozilla/5.0 (Windows NT 10.0; Win64; x64) AppleWebKit/537.36 (KHTML, like Gecko) Chrome/78.0.3904.108 Safari/537.36"
101.126.86.90 - - [29/Jan/2026:10:44:07 -0300] "POST /hello.world?%ADd+allow_url_include%3d1+%ADd+auto_prepend_file%3dphp://input HTTP/1.1" 404 207 "-" "libredtail-http"
101.126.86.90 - - [29/Jan/2026:10:44:17 -0300] "POST /?%ADd+allow_url_include%3d1+%ADd+auto_prepend_file%3dphp://input HTTP/1.1" 405 153 "-" "libredtail-http"
167.94.138.45 - - [29/Jan/2026:10:45:55 -0300] "GET / HTTP/1.1" 302 217 "-" "Mozilla/5.0 (compatible; CensysInspect/1.1; +https://about.censys.io/)"
167.94.138.45 - - [29/Jan/2026:10:45:58 -0300] "GET /login HTTP/1.1" 200 1390 "-" "Mozilla/5.0 (compatible; CensysInspect/1.1; +https://about.censys.io/)"
167.94.138.45 - - [29/Jan/2026:10:46:03 -0300] "GET /favicon.ico HTTP/1.1" 404 184 "-" "Mozilla/5.0 (compatible; CensysInspect/1.1; +https://about.censys.io/)"
167.94.138.45 - - [29/Jan/2026:10:46:40 -0300] "GET /.well-known/security.txt HTTP/1.1" 403 124 "-" "Mozilla/5.0 (compatible; CensysInspect/1.1; +https://about.censys.io/)"
193.142.147.209 - - [29/Jan/2026:11:00:59 -0300] "POST / HTTP/1.1" 405 153 "-" "Mozilla/5.0 (Windows NT 10.0; Win64; x64) AppleWebKit/537.36"
193.142.147.209 - - [29/Jan/2026:11:29:22 -0300] "GET / HTTP/1.1" 302 217 "http://186.54.140.150:80" "Mozilla/5.0 (Windows NT 10.0; Win64; x64) AppleWebKit/537.36"
193.142.147.209 - - [29/Jan/2026:11:29:23 -0300] "GET /login?next=%2F HTTP/1.1" 200 1390 "https://186.54.140.150/" "Mozilla/5.0 (Windows NT 10.0; Win64; x64) AppleWebKit/537.36"
40.124.174.133 - - [29/Jan/2026:11:43:16 -0300] "MGLNDD_186.54.140.150_443" 400 157 "-" "-"
110.238.106.12 - - [29/Jan/2026:11:50:43 -0300] "GET / HTTP/1.1" 400 157 "-" "-"
110.238.106.12 - - [29/Jan/2026:11:50:56 -0300] "GET /machine.config HTTP/1.1" 404 184 "-" "Mozilla/5.0 (Windows NT 10.0; Win64; x64) AppleWebKit/537.36 (KHTML, like Gecko) Chrome/112.0.5615.137 Safari/537.36"
110.238.106.12 - - [29/Jan/2026:11:50:57 -0300] "GET /aspnet/machine.config HTTP/1.1" 404 184 "-" "Mozilla/5.0 (Windows NT 10.0; Win64; x64) AppleWebKit/537.36 (KHTML, like Gecko) Chrome/112.0.5615.137 Safari/537.36"
35.203.210.187 - - [29/Jan/2026:11:52:17 -0300] "\x00\x00\x001\xFFSMBr\x00\x00\x00\x00\x18Eh\x00\x00\x00\x00\x00\x00\x00\x00\x00\x00\x00\x00\x00\x00\xB5}\x00\x00\x01\x00\x00\x0E\x00\x02NT LM 0.12\x00\x02\x00" 400 157 "-" "-"
35.203.210.187 - - [29/Jan/2026:11:52:17 -0300] "\x00\x00\x00f\xFESMB@\x00\x00\x00\x00\x00\x00\x00\x00\x00\x00\x00\x00\x00\x00\x00\x00\x00\x00\x00\x00\x00\x00\x00\x00\x00\x00\x00\x00\x00\x00\x00\x00\x00\x00\x00\x00\x00\x00\x00\x00\x00\x00\x001234567890123456$\x00\x01\x00\x01\x00\x00\x00\x00\x00\x00\x001234567890123456\x00\x00\x00\x00\x00\x00\x00\x00\x02\x02" 400 157 "-" "-"
35.203.210.187 - - [29/Jan/2026:11:52:18 -0300] "\x00\x00\x00f\xFESMB@\x00\x00\x00\x00\x00\x00\x00\x00\x00\x00\x00\x00\x00\x00\x00\x00\x00\x00\x00\x00\x00\x00\x00\x00\x00\x00\x00\x00\x00\x00\x00\x00\x00\x00\x00\x00\x00\x00\x00\x00\x00\x00\x001234567890123456$\x00\x01\x00\x01\x00\x00\x00\x00\x00\x00\x001234567890123456\x00\x00\x00\x00\x00\x00\x00\x00\x10\x02" 400 157 "-" "-"
35.203.210.187 - - [29/Jan/2026:11:52:18 -0300] "\x00\x00\x00f\xFESMB@\x00\x00\x00\x00\x00\x00\x00\x00\x00\x00\x00\x00\x00\x00\x00\x00\x00\x00\x00\x00\x00\x00\x00\x00\x00\x00\x00\x00\x00\x00\x00\x00\x00\x00\x00\x00\x00\x00\x00\x00\x00\x00\x001234567890123456$\x00\x01\x00\x01\x00\x00\x00\x00\x00\x00\x001234567890123456\x00\x00\x00\x00\x00\x00\x00\x00\x00\x03" 400 157 "-" "-"
35.203.210.187 - - [29/Jan/2026:11:52:19 -0300] "\x00\x00\x00f\xFESMB@\x00\x00\x00\x00\x00\x00\x00\x00\x00\x00\x00\x00\x00\x00\x00\x00\x00\x00\x00\x00\x00\x00\x00\x00\x00\x00\x00\x00\x00\x00\x00\x00\x00\x00\x00\x00\x00\x00\x00\x00\x00\x00\x001234567890123456$\x00\x01\x00\x01\x00\x00\x00\x00\x00\x00\x001234567890123456\x00\x00\x00\x00\x00\x00\x00\x00\x02\x03" 400 157 "-" "-"
35.203.210.187 - - [29/Jan/2026:11:52:19 -0300] "\x00\x00\x00\xAC\xFESMB@\x00\x00\x00\x00\x00\x00\x00\x00\x00\x00\x00\x00\x00\x00\x00\x00\x00\x00\x00\x00\x00\x00\x00\x00\x00\x00\x00\x00\x00\x00\x00\x00\x00\x00\x00\x00\x00\x00\x00\x00\x00\x00\x001234567890123456$\x00\x01\x00\x01\x00\x00\x00\x00\x00\x00\x001234567890123456h\x00\x00\x00\x02\x00\x00\x00\x11\x03\x00\x00\x02\x00\x06\x00\x00\x00\x00\x00\x02\x00\x02\x00\x01\x00\x00\x00\x01\x00,\x00\x00\x00\x00\x00\x02\x00\x02\x00\x01\x00\x01\x00 \x00\x01\x00\x00\x00\x00\x00\x00\x00\x00\x00\x00\x00\x00\x00\x00\x00\x00\x00\x01\x00\x00\x00\x00\x00\x00\x00\x00\x00\x00\x00\x00\x00\x00\x00" 400 157 "-" "-"
89.42.231.200 - - [29/Jan/2026:12:00:58 -0300] "GET /cgi-bin/luci/;stok=/locale HTTP/1.1" 404 207 "http://186.54.140.150:80/cgi-bin/luci/;stok=/locale" "-"
87.106.165.133 - - [29/Jan/2026:12:01:26 -0300] "GET / HTTP/1.1" 302 217 "-" "Mozilla/5.0 (Windows NT 10.0; Win64; x64) AppleWebKit/537.36 (KHTML, like Gecko) Chrome/91.0.4472.124 Safari/537.36"
87.106.165.133 - - [29/Jan/2026:12:01:26 -0300] "GET /login?next=%2F HTTP/1.1" 200 1390 "https://r186-54-140-150.dialup.adsl.anteldata.net.uy" "Mozilla/5.0 (Windows NT 10.0; Win64; x64) AppleWebKit/537.36 (KHTML, like Gecko) Chrome/91.0.4472.124 Safari/537.36"
87.106.165.133 - - [29/Jan/2026:12:01:26 -0300] "GET /wp-json/wc/v3 HTTP/1.1" 404 184 "-" "Mozilla/5.0 (Windows NT 10.0; Win64; x64) AppleWebKit/537.36 (KHTML, like Gecko) Chrome/91.0.4472.124 Safari/537.36"
87.106.165.133 - - [29/Jan/2026:12:01:26 -0300] "GET /magento_version HTTP/1.1" 404 184 "-" "Mozilla/5.0 (Windows NT 10.0; Win64; x64) AppleWebKit/537.36 (KHTML, like Gecko) Chrome/91.0.4472.124 Safari/537.36"
87.106.165.133 - - [29/Jan/2026:12:01:26 -0300] "GET /index.php?route=checkout/cart HTTP/1.1" 404 184 "-" "Mozilla/5.0 (Windows NT 10.0; Win64; x64) AppleWebKit/537.36 (KHTML, like Gecko) Chrome/91.0.4472.124 Safari/537.36"
87.106.165.133 - - [29/Jan/2026:12:01:27 -0300] "GET /index.php?route=account/register HTTP/1.1" 404 184 "-" "Mozilla/5.0 (Windows NT 10.0; Win64; x64) AppleWebKit/537.36 (KHTML, like Gecko) Chrome/91.0.4472.124 Safari/537.36"
87.106.165.133 - - [29/Jan/2026:12:01:27 -0300] "GET /index.php?route=account/login HTTP/1.1" 404 184 "-" "Mozilla/5.0 (Windows NT 10.0; Win64; x64) AppleWebKit/537.36 (KHTML, like Gecko) Chrome/91.0.4472.124 Safari/537.36"
87.106.165.133 - - [29/Jan/2026:12:01:27 -0300] "GET /index.php?route=checkout/checkout HTTP/1.1" 404 184 "-" "Mozilla/5.0 (Windows NT 10.0; Win64; x64) AppleWebKit/537.36 (KHTML, like Gecko) Chrome/91.0.4472.124 Safari/537.36"
87.106.165.133 - - [29/Jan/2026:12:01:27 -0300] "GET /admin/ HTTP/1.1" 404 184 "-" "Mozilla/5.0 (Windows NT 10.0; Win64; x64) AppleWebKit/537.36 (KHTML, like Gecko) Chrome/91.0.4472.124 Safari/537.36"
87.106.165.133 - - [29/Jan/2026:12:01:27 -0300] "GET /wp-json/ HTTP/1.1" 404 184 "-" "Mozilla/5.0 (Windows NT 10.0; Win64; x64) AppleWebKit/537.36 (KHTML, like Gecko) Chrome/91.0.4472.124 Safari/537.36"
35.203.210.224 - - [29/Jan/2026:13:09:18 -0300] "\x00\x00\x001\xFFSMBr\x00\x00\x00\x00\x18Eh\x00\x00\x00\x00\x00\x00\x00\x00\x00\x00\x00\x00\x00\x00\xB5}\x00\x00\x01\x00\x00\x0E\x00\x02NT LM 0.12\x00\x02\x00" 400 157 "-" "-"
35.203.210.224 - - [29/Jan/2026:13:09:19 -0300] "\x00\x00\x00f\xFESMB@\x00\x00\x00\x00\x00\x00\x00\x00\x00\x00\x00\x00\x00\x00\x00\x00\x00\x00\x00\x00\x00\x00\x00\x00\x00\x00\x00\x00\x00\x00\x00\x00\x00\x00\x00\x00\x00\x00\x00\x00\x00\x00\x001234567890123456$\x00\x01\x00\x01\x00\x00\x00\x00\x00\x00\x001234567890123456\x00\x00\x00\x00\x00\x00\x00\x00\x02\x02" 400 157 "-" "-"
35.203.210.224 - - [29/Jan/2026:13:09:19 -0300] "\x00\x00\x00f\xFESMB@\x00\x00\x00\x00\x00\x00\x00\x00\x00\x00\x00\x00\x00\x00\x00\x00\x00\x00\x00\x00\x00\x00\x00\x00\x00\x00\x00\x00\x00\x00\x00\x00\x00\x00\x00\x00\x00\x00\x00\x00\x00\x00\x001234567890123456$\x00\x01\x00\x01\x00\x00\x00\x00\x00\x00\x001234567890123456\x00\x00\x00\x00\x00\x00\x00\x00\x10\x02" 400 157 "-" "-"
35.203.210.224 - - [29/Jan/2026:13:09:20 -0300] "\x00\x00\x00f\xFESMB@\x00\x00\x00\x00\x00\x00\x00\x00\x00\x00\x00\x00\x00\x00\x00\x00\x00\x00\x00\x00\x00\x00\x00\x00\x00\x00\x00\x00\x00\x00\x00\x00\x00\x00\x00\x00\x00\x00\x00\x00\x00\x00\x001234567890123456$\x00\x01\x00\x01\x00\x00\x00\x00\x00\x00\x001234567890123456\x00\x00\x00\x00\x00\x00\x00\x00\x00\x03" 400 157 "-" "-"
35.203.210.224 - - [29/Jan/2026:13:09:20 -0300] "\x00\x00\x00f\xFESMB@\x00\x00\x00\x00\x00\x00\x00\x00\x00\x00\x00\x00\x00\x00\x00\x00\x00\x00\x00\x00\x00\x00\x00\x00\x00\x00\x00\x00\x00\x00\x00\x00\x00\x00\x00\x00\x00\x00\x00\x00\x00\x00\x001234567890123456$\x00\x01\x00\x01\x00\x00\x00\x00\x00\x00\x001234567890123456\x00\x00\x00\x00\x00\x00\x00\x00\x02\x03" 400 157 "-" "-"
35.203.210.224 - - [29/Jan/2026:13:09:21 -0300] "\x00\x00\x00\xAC\xFESMB@\x00\x00\x00\x00\x00\x00\x00\x00\x00\x00\x00\x00\x00\x00\x00\x00\x00\x00\x00\x00\x00\x00\x00\x00\x00\x00\x00\x00\x00\x00\x00\x00\x00\x00\x00\x00\x00\x00\x00\x00\x00\x00\x001234567890123456$\x00\x01\x00\x01\x00\x00\x00\x00\x00\x00\x001234567890123456h\x00\x00\x00\x02\x00\x00\x00\x11\x03\x00\x00\x02\x00\x06\x00\x00\x00\x00\x00\x02\x00\x02\x00\x01\x00\x00\x00\x01\x00,\x00\x00\x00\x00\x00\x02\x00\x02\x00\x01\x00\x01\x00 \x00\x01\x00\x00\x00\x00\x00\x00\x00\x00\x00\x00\x00\x00\x00\x00\x00\x00\x00\x01\x00\x00\x00\x00\x00\x00\x00\x00\x00\x00\x00\x00\x00\x00\x00" 400 157 "-" "-"
195.178.110.246 - - [29/Jan/2026:13:10:03 -0300] "GET /.git/config HTTP/1.1" 403 184 "-" "Mozilla/5.0 (Linux; Android 9; LM-G820) AppleWebKit/537.36 (KHTML, like Gecko) Chrome/76.0.3809.111 Mobile Safari/537.36"
193.142.147.209 - - [29/Jan/2026:13:17:21 -0300] "POST / HTTP/1.1" 405 153 "-" "Mozilla/5.0 (Windows NT 10.0; Win64; x64) AppleWebKit/537.36"
89.42.231.200 - - [29/Jan/2026:13:34:55 -0300] "GET /cgi-bin/luci/;stok=/locale HTTP/1.1" 404 207 "http://186.54.140.150:80/cgi-bin/luci/;stok=/locale" "-"
193.142.147.209 - - [29/Jan/2026:13:47:28 -0300] "GET / HTTP/1.1" 302 217 "http://186.54.140.150:80" "Mozilla/5.0 (Windows NT 10.0; Win64; x64) AppleWebKit/537.36"
193.142.147.209 - - [29/Jan/2026:13:47:29 -0300] "GET /login?next=%2F HTTP/1.1" 200 1390 "https://186.54.140.150/" "Mozilla/5.0 (Windows NT 10.0; Win64; x64) AppleWebKit/537.36"
89.42.231.200 - - [29/Jan/2026:13:58:57 -0300] "GET /cgi-bin/luci/;stok=/locale HTTP/1.1" 404 207 "-" "-"
103.142.62.35 - - [29/Jan/2026:14:05:15 -0300] "POST /cgi-bin/.%2e/.%2e/.%2e/.%2e/.%2e/.%2e/.%2e/.%2e/.%2e/.%2e/bin/sh HTTP/1.1" 400 157 "-" "-"
178.239.151.37 - - [29/Jan/2026:14:06:48 -0300] "POST /cgi-bin/.%2e/.%2e/.%2e/.%2e/.%2e/.%2e/.%2e/.%2e/.%2e/.%2e/bin/sh HTTP/1.1" 400 157 "-" "-"
195.250.31.127 - - [29/Jan/2026:14:40:17 -0300] "GET /.env HTTP/1.1" 403 153 "-" "-"
89.42.231.200 - - [29/Jan/2026:14:43:52 -0300] "GET /cgi-bin/luci/;stok=/locale HTTP/1.1" 404 207 "http://186.54.140.150:80/cgi-bin/luci/;stok=/locale" "-"
193.142.147.209 - - [29/Jan/2026:15:47:43 -0300] "POST / HTTP/1.1" 405 153 "-" "Mozilla/5.0 (Windows NT 10.0; Win64; x64) AppleWebKit/537.36"
185.241.208.170 - - [29/Jan/2026:15:52:45 -0300] "GET /.git/config HTTP/1.1" 403 184 "-" "Mozilla/5.0 (Macintosh; Intel Mac OS X 10_14_5) AppleWebKit/537.36 (KHTML, like Gecko) Chrome/69.0.3497.81 Safari/537.36"
172.239.127.5 - - [29/Jan/2026:16:12:04 -0300] "GET / HTTP/2.0" 302 217 "-" "Mozilla/5.0 (Windows NT 6.1; WOW64; rv:8.0) Gecko/20100101 Firefox/8.0"
172.239.127.5 - - [29/Jan/2026:16:12:05 -0300] "GET /login?next=%252F HTTP/2.0" 200 4718 "-" "Mozilla/5.0 (Windows NT 6.1; WOW64; rv:8.0) Gecko/20100101 Firefox/8.0"
89.42.231.200 - - [29/Jan/2026:16:17:14 -0300] "GET /cgi-bin/luci/;stok=/locale HTTP/1.1" 404 207 "http://186.54.140.150:80/cgi-bin/luci/;stok=/locale" "-"
193.142.147.209 - - [29/Jan/2026:16:23:21 -0300] "GET / HTTP/1.1" 302 217 "http://186.54.140.150:80" "Mozilla/5.0 (Windows NT 10.0; Win64; x64) AppleWebKit/537.36"
193.142.147.209 - - [29/Jan/2026:16:23:22 -0300] "GET /login?next=%2F HTTP/1.1" 200 1390 "https://186.54.140.150/" "Mozilla/5.0 (Windows NT 10.0; Win64; x64) AppleWebKit/537.36"
89.42.231.200 - - [29/Jan/2026:16:34:24 -0300] "GET /cgi-bin/luci/;stok=/locale HTTP/1.1" 404 207 "-" "-"
185.12.59.118 - - [29/Jan/2026:16:41:00 -0300] "GET / HTTP/1.1" 302 217 "-" "Mozilla/5.0 (Windows NT 10.0; Win64; x64; rv:132.0) Gecko/20100101 Firefox/132.0"
185.242.226.124 - - [29/Jan/2026:16:58:18 -0300] "GET / HTTP/1.1" 400 657 "-" "Mozilla/5.0 (Windows NT 10.0; Win64; x64) AppleWebKit/537.36 (KHTML, like Gecko) Chrome/88.0.4324.190 Safari/537.36"
79.124.40.174 - - [29/Jan/2026:17:39:12 -0300] "GET /?XDEBUG_SESSION_START=phpstorm HTTP/1.1" 302 285 "-" "Mozilla/5.0 (Windows NT 10.0; Win64; x64) AppleWebKit/537.36 (KHTML, like Gecko) Chrome/78.0.3904.108 Safari/537.36"
79.124.40.174 - - [29/Jan/2026:17:39:14 -0300] "GET /login?next=%2F%3FXDEBUG_SESSION_START%3Dphpstorm HTTP/1.1" 200 1390 "https://186.54.140.150:443/?XDEBUG_SESSION_START=phpstorm" "Mozilla/5.0 (Windows NT 10.0; Win64; x64) AppleWebKit/537.36 (KHTML, like Gecko) Chrome/78.0.3904.108 Safari/537.36"
89.42.231.200 - - [29/Jan/2026:17:43:05 -0300] "GET /cgi-bin/luci/;stok=/locale HTTP/1.1" 404 207 "http://186.54.140.150:80/cgi-bin/luci/;stok=/locale" "-"
172.239.127.5 - - [29/Jan/2026:17:50:51 -0300] "GET / HTTP/2.0" 302 217 "-" "Mozilla/5.0 (Windows NT 6.1; WOW64; rv:8.0) Gecko/20100101 Firefox/8.0"
172.239.127.5 - - [29/Jan/2026:17:50:52 -0300] "GET /login?next=%252F HTTP/2.0" 200 4718 "-" "Mozilla/5.0 (Windows NT 6.1; WOW64; rv:8.0) Gecko/20100101 Firefox/8.0"
89.42.231.200 - - [29/Jan/2026:17:55:12 -0300] "GET /cgi-bin/luci/;stok=/locale HTTP/1.1" 404 207 "-" "-"
193.142.147.209 - - [29/Jan/2026:18:00:40 -0300] "POST / HTTP/1.1" 405 153 "-" "Mozilla/5.0 (Windows NT 10.0; Win64; x64) AppleWebKit/537.36"
165.154.36.91 - - [29/Jan/2026:18:10:57 -0300] "GET / HTTP/2.0" 302 217 "http://186.54.140.150:80" "Mozilla/5.0 (Windows NT 6.1) AppleWebKit/537.36 (KHTML, like Gecko) Chrome/49.0.2623.112 Safari/537.36"
165.154.36.91 - - [29/Jan/2026:18:10:58 -0300] "GET /login?next=%2F HTTP/2.0" 200 4373 "https://186.54.140.150/" "Mozilla/5.0 (Windows NT 6.1) AppleWebKit/537.36 (KHTML, like Gecko) Chrome/49.0.2623.112 Safari/537.36"
165.154.36.91 - - [29/Jan/2026:18:10:59 -0300] "GET /favicon.ico HTTP/2.0" 404 207 "https://186.54.140.150" "Mozilla/5.0 (Windows NT 6.1) AppleWebKit/537.36 (KHTML, like Gecko) Chrome/49.0.2623.112 Safari/537.36"
193.142.147.209 - - [29/Jan/2026:18:11:45 -0300] "GET / HTTP/1.1" 302 217 "http://186.54.140.150:80" "Mozilla/5.0 (Windows NT 10.0; Win64; x64) AppleWebKit/537.36"
193.142.147.209 - - [29/Jan/2026:18:11:46 -0300] "GET /login?next=%2F HTTP/1.1" 200 1390 "https://186.54.140.150/" "Mozilla/5.0 (Windows NT 10.0; Win64; x64) AppleWebKit/537.36"
185.241.208.170 - - [29/Jan/2026:18:12:11 -0300] "GET /.git/config HTTP/1.1" 403 184 "-" "Mozilla/5.0 (Linux; Android 8.0.0; SM-G930V) AppleWebKit/537.36 (KHTML, like Gecko) Chrome/76.0.3809.111 Mobile Safari/537.36"
89.42.231.200 - - [29/Jan/2026:18:50:05 -0300] "GET /cgi-bin/luci/;stok=/locale HTTP/1.1" 404 207 "http://186.54.140.150:80/cgi-bin/luci/;stok=/locale" "-"
20.168.120.173 - - [29/Jan/2026:19:00:36 -0300] "GET / HTTP/1.1" 400 255 "-" "Mozilla/5.0 zgrab/0.x"
20.168.120.173 - - [29/Jan/2026:19:00:37 -0300] "MGLNDD_186.54.140.150_443" 400 157 "-" "-"
89.42.231.200 - - [29/Jan/2026:19:11:42 -0300] "GET /cgi-bin/luci/;stok=/locale HTTP/1.1" 404 207 "-" "-"
79.124.40.174 - - [29/Jan/2026:19:12:40 -0300] "GET /actuator/gateway/routes HTTP/1.1" 404 184 "-" "Mozilla/5.0 (Windows NT 10.0; Win64; x64) AppleWebKit/537.36 (KHTML, like Gecko) Chrome/78.0.3904.108 Safari/537.36"
162.216.150.59 - - [29/Jan/2026:19:44:55 -0300] "GET / HTTP/1.1" 302 217 "-" "Hello from Palo Alto Networks, find out more about our scans in https://docs-cortex.paloaltonetworks.com/r/1/Cortex-Xpanse/Scanning-activity"
162.216.150.59 - - [29/Jan/2026:19:44:56 -0300] "GET /login?next=%2F HTTP/1.1" 200 1390 "-" "Hello from Palo Alto Networks, find out more about our scans in https://docs-cortex.paloaltonetworks.com/r/1/Cortex-Xpanse/Scanning-activity"
109.205.211.100 - - [29/Jan/2026:20:14:08 -0300] "\x03\x00\x00/*\xE0\x00\x00\x00\x00\x00Cookie: mstshash=Administr" 400 157 "-" "-"
89.42.231.200 - - [29/Jan/2026:20:16:24 -0300] "GET /cgi-bin/luci/;stok=/locale HTTP/1.1" 404 207 "http://186.54.140.150:80/cgi-bin/luci/;stok=/locale" "-"
5.61.209.92 - - [29/Jan/2026:20:27:48 -0300] "GET /SDK/webLanguage HTTP/1.1" 404 184 "-" "Mozilla/5.0 (Windows NT 10.0; Win64; x64) AppleWebKit/537.36 (KHTML, like Gecko) Chrome/90.0.4430.85 Safari/537.36 Edg/90.0.818.46"
193.142.147.209 - - [29/Jan/2026:20:31:29 -0300] "GET / HTTP/1.1" 302 217 "http://186.54.140.150:80" "Mozilla/5.0 (Windows NT 10.0; Win64; x64) AppleWebKit/537.36"
193.142.147.209 - - [29/Jan/2026:20:31:29 -0300] "GET /login?next=%2F HTTP/1.1" 200 1390 "https://186.54.140.150/" "Mozilla/5.0 (Windows NT 10.0; Win64; x64) AppleWebKit/537.36"
89.42.231.200 - - [29/Jan/2026:20:41:46 -0300] "GET /cgi-bin/luci/;stok=/locale HTTP/1.1" 404 207 "-" "-"
179.29.50.11 - - [29/Jan/2026:20:58:37 -0300] "GET /users HTTP/2.0" 302 227 "https://uy037.duckdns.org/" "Mozilla/5.0 (iPhone; CPU iPhone OS 26_2_0 like Mac OS X) AppleWebKit/605.1.15 (KHTML, like Gecko) CriOS/144.0.7559.95 Mobile/15E148 Safari/604.1"
179.29.50.11 - - [29/Jan/2026:20:58:37 -0300] "GET /login?next=%2Fusers HTTP/2.0" 200 1476 "https://uy037.duckdns.org/" "Mozilla/5.0 (iPhone; CPU iPhone OS 26_2_0 like Mac OS X) AppleWebKit/605.1.15 (KHTML, like Gecko) CriOS/144.0.7559.95 Mobile/15E148 Safari/604.1"
179.29.50.11 - - [29/Jan/2026:20:58:37 -0300] "GET /favicon.ico HTTP/2.0" 404 173 "-" "Mozilla/5.0 (iPhone; CPU iPhone OS 26_2_0 like Mac OS X) AppleWebKit/605.1.15 (KHTML, like Gecko) CriOS/144.0.7559.95 Mobile/15E148 Safari/604.1"
179.29.50.11 - - [29/Jan/2026:20:59:04 -0300] "POST /login?next=%2Fusers HTTP/2.0" 302 199 "https://uy037.duckdns.org/login?next=%2Fusers" "Mozilla/5.0 (iPhone; CPU iPhone OS 26_2_0 like Mac OS X) AppleWebKit/605.1.15 (KHTML, like Gecko) CriOS/144.0.7559.95 Mobile/15E148 Safari/604.1"
179.29.50.11 - - [29/Jan/2026:20:59:04 -0300] "GET /users HTTP/2.0" 200 4504 "https://uy037.duckdns.org/login?next=%2Fusers" "Mozilla/5.0 (iPhone; CPU iPhone OS 26_2_0 like Mac OS X) AppleWebKit/605.1.15 (KHTML, like Gecko) CriOS/144.0.7559.95 Mobile/15E148 Safari/604.1"
1.12.226.163 - - [29/Jan/2026:21:41:12 -0300] "GET / HTTP/1.1" 302 217 "-" "Go-http-client/1.1"
1.12.226.163 - - [29/Jan/2026:21:41:13 -0300] "GET /login?next=%2F HTTP/1.1" 200 1390 "https://186.54.140.150" "Go-http-client/1.1"
186.54.140.150 - - [29/Jan/2026:21:43:52 -0300] "GET / HTTP/2.0" 500 265 "-" "Mozilla/5.0 (Windows NT 10.0; Win64; x64; rv:147.0) Gecko/20100101 Firefox/147.0"
186.54.140.150 - - [29/Jan/2026:21:44:10 -0300] "GET / HTTP/2.0" 200 4018 "-" "Mozilla/5.0 (Windows NT 10.0; Win64; x64; rv:147.0) Gecko/20100101 Firefox/147.0"
186.54.140.150 - - [29/Jan/2026:21:44:36 -0300] "GET /?page=2&search=&sort=rating_asc HTTP/2.0" 200 3449 "https://uy037.duckdns.org/" "Mozilla/5.0 (Windows NT 10.0; Win64; x64; rv:147.0) Gecko/20100101 Firefox/147.0"
89.42.231.200 - - [29/Jan/2026:21:51:25 -0300] "GET /cgi-bin/luci/;stok=/locale HTTP/1.1" 404 207 "http://186.54.140.150:80/cgi-bin/luci/;stok=/locale" "-"
89.42.231.200 - - [29/Jan/2026:22:06:33 -0300] "GET /cgi-bin/luci/;stok=/locale HTTP/1.1" 404 207 "-" "-"
186.54.140.150 - - [29/Jan/2026:22:11:12 -0300] "GET /users HTTP/2.0" 200 4504 "https://uy037.duckdns.org/?page=2&search=&sort=rating_asc" "Mozilla/5.0 (Windows NT 10.0; Win64; x64; rv:147.0) Gecko/20100101 Firefox/147.0"
193.142.147.209 - - [29/Jan/2026:22:38:34 -0300] "POST / HTTP/1.1" 405 153 "-" "Mozilla/5.0 (Windows NT 10.0; Win64; x64) AppleWebKit/537.36"
54.224.230.196 - - [29/Jan/2026:22:47:20 -0300] "GET / HTTP/1.1" 302 217 "-" "Mozilla/5.0 (Windows NT 10.0; Win64; x64) AppleWebKit/537.36 (KHTML, like Gecko) Chrome/136.0.0.0 Safari/537.36"
52.201.219.92 - - [29/Jan/2026:22:47:44 -0300] "GET /robots.txt HTTP/1.1" 404 184 "-" "Mozilla/5.0 (Windows NT 10.0; Win64; x64) AppleWebKit/537.36 (KHTML, like Gecko) Chrome/136.0.0.0 Safari/537.36"
52.23.230.125 - - [29/Jan/2026:22:55:49 -0300] "GET /favicon.ico HTTP/1.1" 404 184 "-" "Mozilla/5.0 (Windows NT 10.0; Win64; x64) AppleWebKit/537.36 (KHTML, like Gecko) Chrome/136.0.0.0 Safari/537.36"
193.142.147.209 - - [29/Jan/2026:22:58:24 -0300] "GET / HTTP/1.1" 302 217 "http://186.54.140.150:80" "Mozilla/5.0 (Windows NT 10.0; Win64; x64) AppleWebKit/537.36"
193.142.147.209 - - [29/Jan/2026:22:58:25 -0300] "GET /login?next=%2F HTTP/1.1" 200 1390 "https://186.54.140.150/" "Mozilla/5.0 (Windows NT 10.0; Win64; x64) AppleWebKit/537.36"
89.42.231.200 - - [29/Jan/2026:23:04:40 -0300] "GET /cgi-bin/luci/;stok=/locale HTTP/1.1" 404 207 "http://186.54.140.150:80/cgi-bin/luci/;stok=/locale" "-"
186.54.140.150 - - [29/Jan/2026:23:30:14 -0300] "GET / HTTP/2.0" 200 4018 "https://uy037.duckdns.org/users" "Mozilla/5.0 (Windows NT 10.0; Win64; x64; rv:147.0) Gecko/20100101 Firefox/147.0"
186.54.140.150 - - [29/Jan/2026:23:30:36 -0300] "GET /logout HTTP/2.0" 302 199 "https://uy037.duckdns.org/" "Mozilla/5.0 (Windows NT 10.0; Win64; x64; rv:147.0) Gecko/20100101 Firefox/147.0"
186.54.140.150 - - [29/Jan/2026:23:30:36 -0300] "GET /login HTTP/2.0" 200 1378 "https://uy037.duckdns.org/" "Mozilla/5.0 (Windows NT 10.0; Win64; x64; rv:147.0) Gecko/20100101 Firefox/147.0"
186.54.140.150 - - [29/Jan/2026:23:30:50 -0300] "POST /login HTTP/2.0" 200 1454 "https://uy037.duckdns.org/login" "Mozilla/5.0 (Windows NT 10.0; Win64; x64; rv:147.0) Gecko/20100101 Firefox/147.0"
186.54.140.150 - - [29/Jan/2026:23:31:03 -0300] "POST /login HTTP/2.0" 200 1454 "https://uy037.duckdns.org/login" "Mozilla/5.0 (Windows NT 10.0; Win64; x64; rv:147.0) Gecko/20100101 Firefox/147.0"
186.54.140.150 - - [29/Jan/2026:23:31:13 -0300] "POST /login HTTP/2.0" 302 189 "https://uy037.duckdns.org/login" "Mozilla/5.0 (Windows NT 10.0; Win64; x64; rv:147.0) Gecko/20100101 Firefox/147.0"
186.54.140.150 - - [29/Jan/2026:23:31:13 -0300] "GET / HTTP/2.0" 200 3948 "https://uy037.duckdns.org/login" "Mozilla/5.0 (Windows NT 10.0; Win64; x64; rv:147.0) Gecko/20100101 Firefox/147.0"
186.54.140.150 - - [29/Jan/2026:23:39:21 -0300] "GET / HTTP/2.0" 200 3985 "-" "Mozilla/5.0 (Windows NT 10.0; Win64; x64; rv:147.0) Gecko/20100101 Firefox/147.0"
186.54.140.150 - - [29/Jan/2026:23:39:25 -0300] "GET /polls HTTP/2.0" 200 1556 "https://uy037.duckdns.org/" "Mozilla/5.0 (Windows NT 10.0; Win64; x64; rv:147.0) Gecko/20100101 Firefox/147.0"
186.54.140.150 - - [29/Jan/2026:23:39:32 -0300] "GET /poll/create HTTP/2.0" 200 2687 "https://uy037.duckdns.org/polls" "Mozilla/5.0 (Windows NT 10.0; Win64; x64; rv:147.0) Gecko/20100101 Firefox/147.0"
3.137.73.221 - - [29/Jan/2026:23:46:58 -0300] "SSH-2.0-Go" 400 157 "-" "-"
3.137.73.221 - - [29/Jan/2026:23:47:10 -0300] "GET / HTTP/1.1" 400 657 "-" "cypex.ai/scanning Mozilla/5.0 (Macintosh; Intel Mac OS X 10_15_7) Chrome/126.0.0.0 Safari/537.36"
3.137.73.221 - - [29/Jan/2026:23:47:17 -0300] "GET / HTTP/1.1" 400 657 "-" "cypex.ai/scanning Mozilla/5.0 (Macintosh; Intel Mac OS X 10_15_7) Chrome/126.0.0.0 Safari/537.36"
3.137.73.221 - - [29/Jan/2026:23:48:43 -0300] "" 400 0 "-" "-"
89.42.231.200 - - [30/Jan/2026:00:22:51 -0300] "GET /cgi-bin/luci/;stok=/locale HTTP/1.1" 404 207 "http://186.54.140.150:80/cgi-bin/luci/;stok=/locale" "-"
194.50.16.253 - - [30/Jan/2026:00:26:34 -0300] "GET /cgi/conf.bin HTTP/1.1" 404 184 "http://186.54.140.150:80/mainFrame.htm" "Mozilla/5.0 (Windows NT 6.0) AppleWebKit/537.11 (KHTML, like Gecko) Chrome/23.0.1271.97 Safari/537.11"
89.42.231.200 - - [30/Jan/2026:00:51:18 -0300] "GET /cgi-bin/luci/;stok=/locale HTTP/1.1" 404 207 "-" "-"
193.142.147.209 - - [30/Jan/2026:01:02:01 -0300] "POST / HTTP/1.1" 405 153 "-" "Mozilla/5.0 (Windows NT 10.0; Win64; x64) AppleWebKit/537.36"
186.54.140.150 - - [30/Jan/2026:01:02:13 -0300] "GET / HTTP/2.0" 200 3985 "https://uy037.duckdns.org/polls" "Mozilla/5.0 (Windows NT 10.0; Win64; x64; rv:147.0) Gecko/20100101 Firefox/147.0"
186.54.140.150 - - [30/Jan/2026:01:02:16 -0300] "GET /polls HTTP/2.0" 200 1500 "https://uy037.duckdns.org/" "Mozilla/5.0 (Windows NT 10.0; Win64; x64; rv:147.0) Gecko/20100101 Firefox/147.0"
186.54.140.150 - - [30/Jan/2026:01:02:22 -0300] "GET / HTTP/2.0" 200 3985 "https://uy037.duckdns.org/polls" "Mozilla/5.0 (Windows NT 10.0; Win64; x64; rv:147.0) Gecko/20100101 Firefox/147.0"
186.54.140.150 - - [30/Jan/2026:01:02:25 -0300] "GET /logout HTTP/2.0" 302 199 "https://uy037.duckdns.org/" "Mozilla/5.0 (Windows NT 10.0; Win64; x64; rv:147.0) Gecko/20100101 Firefox/147.0"
186.54.140.150 - - [30/Jan/2026:01:02:25 -0300] "GET /login HTTP/2.0" 200 1378 "https://uy037.duckdns.org/" "Mozilla/5.0 (Windows NT 10.0; Win64; x64; rv:147.0) Gecko/20100101 Firefox/147.0"
186.54.140.150 - - [30/Jan/2026:01:02:39 -0300] "POST /login HTTP/2.0" 302 189 "https://uy037.duckdns.org/login" "Mozilla/5.0 (Windows NT 10.0; Win64; x64; rv:147.0) Gecko/20100101 Firefox/147.0"
186.54.140.150 - - [30/Jan/2026:01:02:39 -0300] "GET / HTTP/2.0" 200 4048 "https://uy037.duckdns.org/login" "Mozilla/5.0 (Windows NT 10.0; Win64; x64; rv:147.0) Gecko/20100101 Firefox/147.0"
186.54.140.150 - - [30/Jan/2026:01:02:47 -0300] "GET /polls HTTP/2.0" 200 1627 "https://uy037.duckdns.org/" "Mozilla/5.0 (Windows NT 10.0; Win64; x64; rv:147.0) Gecko/20100101 Firefox/147.0"
186.54.140.150 - - [30/Jan/2026:01:02:52 -0300] "GET /poll/create HTTP/2.0" 200 2753 "https://uy037.duckdns.org/polls" "Mozilla/5.0 (Windows NT 10.0; Win64; x64; rv:147.0) Gecko/20100101 Firefox/147.0"
186.54.140.150 - - [30/Jan/2026:01:05:50 -0300] "POST /poll/create HTTP/2.0" 302 211 "https://uy037.duckdns.org/poll/create" "Mozilla/5.0 (Windows NT 10.0; Win64; x64; rv:147.0) Gecko/20100101 Firefox/147.0"
186.54.140.150 - - [30/Jan/2026:01:05:50 -0300] "GET /poll/1/vote HTTP/2.0" 200 2934 "https://uy037.duckdns.org/poll/create" "Mozilla/5.0 (Windows NT 10.0; Win64; x64; rv:147.0) Gecko/20100101 Firefox/147.0"
186.54.140.150 - - [30/Jan/2026:01:06:15 -0300] "POST /poll/1/vote HTTP/2.0" 302 217 "https://uy037.duckdns.org/poll/1/vote" "Mozilla/5.0 (Windows NT 10.0; Win64; x64; rv:147.0) Gecko/20100101 Firefox/147.0"
186.54.140.150 - - [30/Jan/2026:01:06:15 -0300] "GET /poll/1/results HTTP/2.0" 200 3354 "https://uy037.duckdns.org/poll/1/vote" "Mozilla/5.0 (Windows NT 10.0; Win64; x64; rv:147.0) Gecko/20100101 Firefox/147.0"
186.54.140.150 - - [30/Jan/2026:01:08:29 -0300] "GET /poll/1/results HTTP/2.0" 200 3286 "-" "Mozilla/5.0 (Windows NT 10.0; Win64; x64; rv:147.0) Gecko/20100101 Firefox/147.0"
186.54.140.150 - - [30/Jan/2026:01:08:33 -0300] "GET /polls HTTP/2.0" 200 2072 "https://uy037.duckdns.org/poll/1/results" "Mozilla/5.0 (Windows NT 10.0; Win64; x64; rv:147.0) Gecko/20100101 Firefox/147.0"
186.54.140.150 - - [30/Jan/2026:01:08:52 -0300] "GET /logout HTTP/2.0" 302 199 "https://uy037.duckdns.org/polls" "Mozilla/5.0 (Windows NT 10.0; Win64; x64; rv:147.0) Gecko/20100101 Firefox/147.0"
186.54.140.150 - - [30/Jan/2026:01:08:52 -0300] "GET /login HTTP/2.0" 200 1378 "https://uy037.duckdns.org/polls" "Mozilla/5.0 (Windows NT 10.0; Win64; x64; rv:147.0) Gecko/20100101 Firefox/147.0"
186.54.140.150 - - [30/Jan/2026:01:08:58 -0300] "POST /login HTTP/2.0" 302 189 "https://uy037.duckdns.org/login" "Mozilla/5.0 (Windows NT 10.0; Win64; x64; rv:147.0) Gecko/20100101 Firefox/147.0"
186.54.140.150 - - [30/Jan/2026:01:08:58 -0300] "GET / HTTP/2.0" 200 3907 "https://uy037.duckdns.org/login" "Mozilla/5.0 (Windows NT 10.0; Win64; x64; rv:147.0) Gecko/20100101 Firefox/147.0"
186.54.140.150 - - [30/Jan/2026:01:09:03 -0300] "GET /polls HTTP/2.0" 302 189 "https://uy037.duckdns.org/" "Mozilla/5.0 (Windows NT 10.0; Win64; x64; rv:147.0) Gecko/20100101 Firefox/147.0"
186.54.140.150 - - [30/Jan/2026:01:09:03 -0300] "GET / HTTP/2.0" 200 3997 "https://uy037.duckdns.org/" "Mozilla/5.0 (Windows NT 10.0; Win64; x64; rv:147.0) Gecko/20100101 Firefox/147.0"
186.54.140.150 - - [30/Jan/2026:01:09:08 -0300] "GET /polls HTTP/2.0" 302 189 "https://uy037.duckdns.org/" "Mozilla/5.0 (Windows NT 10.0; Win64; x64; rv:147.0) Gecko/20100101 Firefox/147.0"
186.54.140.150 - - [30/Jan/2026:01:09:08 -0300] "GET / HTTP/2.0" 200 3997 "https://uy037.duckdns.org/" "Mozilla/5.0 (Windows NT 10.0; Win64; x64; rv:147.0) Gecko/20100101 Firefox/147.0"
186.54.140.150 - - [30/Jan/2026:01:09:09 -0300] "GET /polls HTTP/2.0" 302 189 "https://uy037.duckdns.org/" "Mozilla/5.0 (Windows NT 10.0; Win64; x64; rv:147.0) Gecko/20100101 Firefox/147.0"
186.54.140.150 - - [30/Jan/2026:01:09:09 -0300] "GET / HTTP/2.0" 200 3997 "https://uy037.duckdns.org/" "Mozilla/5.0 (Windows NT 10.0; Win64; x64; rv:147.0) Gecko/20100101 Firefox/147.0"
186.54.140.150 - - [30/Jan/2026:01:09:10 -0300] "GET /polls HTTP/2.0" 302 189 "https://uy037.duckdns.org/" "Mozilla/5.0 (Windows NT 10.0; Win64; x64; rv:147.0) Gecko/20100101 Firefox/147.0"
186.54.140.150 - - [30/Jan/2026:01:09:10 -0300] "GET / HTTP/2.0" 200 3997 "https://uy037.duckdns.org/" "Mozilla/5.0 (Windows NT 10.0; Win64; x64; rv:147.0) Gecko/20100101 Firefox/147.0"
186.54.140.150 - - [30/Jan/2026:01:09:22 -0300] "GET /logout HTTP/2.0" 302 199 "https://uy037.duckdns.org/" "Mozilla/5.0 (Windows NT 10.0; Win64; x64; rv:147.0) Gecko/20100101 Firefox/147.0"
186.54.140.150 - - [30/Jan/2026:01:09:22 -0300] "GET /login HTTP/2.0" 200 1378 "https://uy037.duckdns.org/" "Mozilla/5.0 (Windows NT 10.0; Win64; x64; rv:147.0) Gecko/20100101 Firefox/147.0"
186.54.140.150 - - [30/Jan/2026:01:09:28 -0300] "POST /login HTTP/2.0" 302 189 "https://uy037.duckdns.org/login" "Mozilla/5.0 (Windows NT 10.0; Win64; x64; rv:147.0) Gecko/20100101 Firefox/147.0"
186.54.140.150 - - [30/Jan/2026:01:09:28 -0300] "GET / HTTP/2.0" 200 3985 "https://uy037.duckdns.org/login" "Mozilla/5.0 (Windows NT 10.0; Win64; x64; rv:147.0) Gecko/20100101 Firefox/147.0"
186.54.140.150 - - [30/Jan/2026:01:09:33 -0300] "GET /polls HTTP/2.0" 200 1800 "https://uy037.duckdns.org/" "Mozilla/5.0 (Windows NT 10.0; Win64; x64; rv:147.0) Gecko/20100101 Firefox/147.0"
186.54.140.150 - - [30/Jan/2026:01:09:43 -0300] "GET /poll/1/results HTTP/2.0" 200 2974 "https://uy037.duckdns.org/polls" "Mozilla/5.0 (Windows NT 10.0; Win64; x64; rv:147.0) Gecko/20100101 Firefox/147.0"
186.54.140.150 - - [30/Jan/2026:01:12:47 -0300] "GET /polls HTTP/2.0" 200 1800 "https://uy037.duckdns.org/poll/1/results" "Mozilla/5.0 (Windows NT 10.0; Win64; x64; rv:147.0) Gecko/20100101 Firefox/147.0"
186.54.140.150 - - [30/Jan/2026:01:12:50 -0300] "GET /poll/1/vote HTTP/2.0" 200 2794 "https://uy037.duckdns.org/polls" "Mozilla/5.0 (Windows NT 10.0; Win64; x64; rv:147.0) Gecko/20100101 Firefox/147.0"
186.54.140.150 - - [30/Jan/2026:01:13:49 -0300] "POST /poll/1/vote HTTP/2.0" 302 217 "https://uy037.duckdns.org/poll/1/vote" "Mozilla/5.0 (Windows NT 10.0; Win64; x64; rv:147.0) Gecko/20100101 Firefox/147.0"
186.54.140.150 - - [30/Jan/2026:01:13:49 -0300] "GET /poll/1/results HTTP/2.0" 200 3114 "https://uy037.duckdns.org/poll/1/vote" "Mozilla/5.0 (Windows NT 10.0; Win64; x64; rv:147.0) Gecko/20100101 Firefox/147.0"
186.54.140.150 - - [30/Jan/2026:01:22:36 -0300] "GET /polls HTTP/2.0" 200 1800 "https://uy037.duckdns.org/poll/1/results" "Mozilla/5.0 (Windows NT 10.0; Win64; x64; rv:147.0) Gecko/20100101 Firefox/147.0"
186.54.140.150 - - [30/Jan/2026:01:22:39 -0300] "GET /poll/1/results HTTP/2.0" 200 3040 "https://uy037.duckdns.org/polls" "Mozilla/5.0 (Windows NT 10.0; Win64; x64; rv:147.0) Gecko/20100101 Firefox/147.0"
186.54.140.150 - - [30/Jan/2026:01:23:03 -0300] "GET /logout HTTP/2.0" 302 199 "https://uy037.duckdns.org/poll/1/results" "Mozilla/5.0 (Windows NT 10.0; Win64; x64; rv:147.0) Gecko/20100101 Firefox/147.0"
186.54.140.150 - - [30/Jan/2026:01:23:03 -0300] "GET /login HTTP/2.0" 200 1378 "https://uy037.duckdns.org/poll/1/results" "Mozilla/5.0 (Windows NT 10.0; Win64; x64; rv:147.0) Gecko/20100101 Firefox/147.0"
186.54.140.150 - - [30/Jan/2026:01:23:06 -0300] "GET /login HTTP/2.0" 200 1378 "https://uy037.duckdns.org/poll/1/results" "Mozilla/5.0 (Windows NT 10.0; Win64; x64; rv:147.0) Gecko/20100101 Firefox/147.0"
186.54.140.150 - - [30/Jan/2026:01:23:06 -0300] "GET /favicon.ico HTTP/2.0" 404 173 "https://uy037.duckdns.org/login" "Mozilla/5.0 (Windows NT 10.0; Win64; x64; rv:147.0) Gecko/20100101 Firefox/147.0"
186.54.140.150 - - [30/Jan/2026:01:23:19 -0300] "POST /login HTTP/2.0" 302 189 "https://uy037.duckdns.org/login" "Mozilla/5.0 (Windows NT 10.0; Win64; x64; rv:147.0) Gecko/20100101 Firefox/147.0"
186.54.140.150 - - [30/Jan/2026:01:23:19 -0300] "GET / HTTP/2.0" 200 4048 "https://uy037.duckdns.org/login" "Mozilla/5.0 (Windows NT 10.0; Win64; x64; rv:147.0) Gecko/20100101 Firefox/147.0"
186.54.140.150 - - [30/Jan/2026:01:23:23 -0300] "GET /polls HTTP/2.0" 200 2072 "https://uy037.duckdns.org/" "Mozilla/5.0 (Windows NT 10.0; Win64; x64; rv:147.0) Gecko/20100101 Firefox/147.0"
186.54.140.150 - - [30/Jan/2026:01:23:26 -0300] "GET /poll/1/results HTTP/2.0" 200 3355 "https://uy037.duckdns.org/polls" "Mozilla/5.0 (Windows NT 10.0; Win64; x64; rv:147.0) Gecko/20100101 Firefox/147.0"
186.54.140.150 - - [30/Jan/2026:01:25:09 -0300] "GET /polls HTTP/2.0" 200 2072 "https://uy037.duckdns.org/poll/1/results" "Mozilla/5.0 (Windows NT 10.0; Win64; x64; rv:147.0) Gecko/20100101 Firefox/147.0"
186.54.140.150 - - [30/Jan/2026:01:25:11 -0300] "GET /poll/1/results HTTP/2.0" 200 3355 "https://uy037.duckdns.org/polls" "Mozilla/5.0 (Windows NT 10.0; Win64; x64; rv:147.0) Gecko/20100101 Firefox/147.0"
186.54.140.150 - - [30/Jan/2026:01:25:21 -0300] "GET /poll/1/results HTTP/2.0" 200 3355 "https://uy037.duckdns.org/polls" "Mozilla/5.0 (Windows NT 10.0; Win64; x64; rv:147.0) Gecko/20100101 Firefox/147.0"
186.54.140.150 - - [30/Jan/2026:01:25:26 -0300] "GET /poll/1/results HTTP/2.0" 200 3355 "https://uy037.duckdns.org/polls" "Mozilla/5.0 (Windows NT 10.0; Win64; x64; rv:147.0) Gecko/20100101 Firefox/147.0"
186.54.140.150 - - [30/Jan/2026:01:25:27 -0300] "GET /favicon.ico HTTP/2.0" 404 173 "https://uy037.duckdns.org/poll/1/results" "Mozilla/5.0 (Windows NT 10.0; Win64; x64; rv:147.0) Gecko/20100101 Firefox/147.0"
40.124.175.103 - - [30/Jan/2026:01:33:57 -0300] "GET /manager/html HTTP/1.1" 400 255 "-" "Mozilla/5.0 zgrab/0.x"
186.54.140.150 - - [30/Jan/2026:01:48:34 -0300] "GET /polls HTTP/2.0" 200 2072 "https://uy037.duckdns.org/poll/1/results" "Mozilla/5.0 (Windows NT 10.0; Win64; x64; rv:147.0) Gecko/20100101 Firefox/147.0"
186.54.140.150 - - [30/Jan/2026:01:48:37 -0300] "GET /polls HTTP/2.0" 200 2072 "-" "Mozilla/5.0 (Windows NT 10.0; Win64; x64; rv:147.0) Gecko/20100101 Firefox/147.0"
186.54.140.150 - - [30/Jan/2026:01:48:50 -0300] "GET /poll/1/results HTTP/2.0" 200 3355 "https://uy037.duckdns.org/polls" "Mozilla/5.0 (Windows NT 10.0; Win64; x64; rv:147.0) Gecko/20100101 Firefox/147.0"
186.54.140.150 - - [30/Jan/2026:01:49:00 -0300] "GET /logout HTTP/2.0" 302 199 "https://uy037.duckdns.org/poll/1/results" "Mozilla/5.0 (Windows NT 10.0; Win64; x64; rv:147.0) Gecko/20100101 Firefox/147.0"
186.54.140.150 - - [30/Jan/2026:01:49:00 -0300] "GET /login HTTP/2.0" 200 1378 "https://uy037.duckdns.org/poll/1/results" "Mozilla/5.0 (Windows NT 10.0; Win64; x64; rv:147.0) Gecko/20100101 Firefox/147.0"
186.54.140.150 - - [30/Jan/2026:01:49:07 -0300] "POST /login HTTP/2.0" 302 189 "https://uy037.duckdns.org/login" "Mozilla/5.0 (Windows NT 10.0; Win64; x64; rv:147.0) Gecko/20100101 Firefox/147.0"
186.54.140.150 - - [30/Jan/2026:01:49:07 -0300] "GET / HTTP/2.0" 200 3985 "https://uy037.duckdns.org/login" "Mozilla/5.0 (Windows NT 10.0; Win64; x64; rv:147.0) Gecko/20100101 Firefox/147.0"
186.54.140.150 - - [30/Jan/2026:01:49:11 -0300] "GET /polls HTTP/2.0" 200 1800 "https://uy037.duckdns.org/" "Mozilla/5.0 (Windows NT 10.0; Win64; x64; rv:147.0) Gecko/20100101 Firefox/147.0"
186.54.140.150 - - [30/Jan/2026:01:49:14 -0300] "GET /poll/1/results HTTP/2.0" 200 3040 "https://uy037.duckdns.org/polls" "Mozilla/5.0 (Windows NT 10.0; Win64; x64; rv:147.0) Gecko/20100101 Firefox/147.0"
186.54.140.150 - - [30/Jan/2026:01:49:52 -0300] "GET /poll/1/results HTTP/2.0" 200 3040 "https://uy037.duckdns.org/polls" "Mozilla/5.0 (Windows NT 10.0; Win64; x64; rv:147.0) Gecko/20100101 Firefox/147.0"
186.54.140.150 - - [30/Jan/2026:01:49:52 -0300] "GET /favicon.ico HTTP/2.0" 404 173 "https://uy037.duckdns.org/poll/1/results" "Mozilla/5.0 (Windows NT 10.0; Win64; x64; rv:147.0) Gecko/20100101 Firefox/147.0"
186.54.140.150 - - [30/Jan/2026:01:49:58 -0300] "GET /polls HTTP/2.0" 200 1800 "https://uy037.duckdns.org/poll/1/results" "Mozilla/5.0 (Windows NT 10.0; Win64; x64; rv:147.0) Gecko/20100101 Firefox/147.0"
186.54.140.150 - - [30/Jan/2026:01:50:06 -0300] "GET /polls HTTP/2.0" 200 1800 "https://uy037.duckdns.org/poll/1/results" "Mozilla/5.0 (Windows NT 10.0; Win64; x64; rv:147.0) Gecko/20100101 Firefox/147.0"
186.54.140.150 - - [30/Jan/2026:01:50:06 -0300] "GET /favicon.ico HTTP/2.0" 404 173 "https://uy037.duckdns.org/polls" "Mozilla/5.0 (Windows NT 10.0; Win64; x64; rv:147.0) Gecko/20100101 Firefox/147.0"
186.54.140.150 - - [30/Jan/2026:01:50:09 -0300] "GET /polls HTTP/2.0" 200 1800 "https://uy037.duckdns.org/poll/1/results" "Mozilla/5.0 (Windows NT 10.0; Win64; x64; rv:147.0) Gecko/20100101 Firefox/147.0"
186.54.140.150 - - [30/Jan/2026:01:50:09 -0300] "GET /favicon.ico HTTP/2.0" 404 173 "https://uy037.duckdns.org/polls" "Mozilla/5.0 (Windows NT 10.0; Win64; x64; rv:147.0) Gecko/20100101 Firefox/147.0"
186.54.140.150 - - [30/Jan/2026:01:50:13 -0300] "GET /poll/1/vote HTTP/2.0" 200 2818 "https://uy037.duckdns.org/polls" "Mozilla/5.0 (Windows NT 10.0; Win64; x64; rv:147.0) Gecko/20100101 Firefox/147.0"
186.54.140.150 - - [30/Jan/2026:01:50:22 -0300] "GET /polls HTTP/2.0" 200 1800 "https://uy037.duckdns.org/poll/1/vote" "Mozilla/5.0 (Windows NT 10.0; Win64; x64; rv:147.0) Gecko/20100101 Firefox/147.0"
186.54.140.150 - - [30/Jan/2026:01:50:23 -0300] "GET /poll/1/results HTTP/2.0" 200 3040 "https://uy037.duckdns.org/polls" "Mozilla/5.0 (Windows NT 10.0; Win64; x64; rv:147.0) Gecko/20100101 Firefox/147.0"
186.54.140.150 - - [30/Jan/2026:01:51:46 -0300] "GET /polls HTTP/2.0" 200 1800 "https://uy037.duckdns.org/poll/1/results" "Mozilla/5.0 (Windows NT 10.0; Win64; x64; rv:147.0) Gecko/20100101 Firefox/147.0"
186.54.140.150 - - [30/Jan/2026:01:52:05 -0300] "GET /poll/1/vote HTTP/2.0" 200 2818 "https://uy037.duckdns.org/polls" "Mozilla/5.0 (Windows NT 10.0; Win64; x64; rv:147.0) Gecko/20100101 Firefox/147.0"
186.54.140.150 - - [30/Jan/2026:01:55:07 -0300] "GET /polls HTTP/2.0" 200 1800 "https://uy037.duckdns.org/poll/1/vote" "Mozilla/5.0 (Windows NT 10.0; Win64; x64; rv:147.0) Gecko/20100101 Firefox/147.0"
186.54.140.150 - - [30/Jan/2026:01:55:11 -0300] "GET /poll/1/results HTTP/2.0" 200 3040 "https://uy037.duckdns.org/polls" "Mozilla/5.0 (Windows NT 10.0; Win64; x64; rv:147.0) Gecko/20100101 Firefox/147.0"
186.54.140.150 - - [30/Jan/2026:01:55:53 -0300] "GET /poll/1/vote HTTP/2.0" 200 2818 "https://uy037.duckdns.org/poll/1/results" "Mozilla/5.0 (Windows NT 10.0; Win64; x64; rv:147.0) Gecko/20100101 Firefox/147.0"
186.54.140.150 - - [30/Jan/2026:01:55:58 -0300] "GET /polls HTTP/2.0" 200 1800 "https://uy037.duckdns.org/poll/1/vote" "Mozilla/5.0 (Windows NT 10.0; Win64; x64; rv:147.0) Gecko/20100101 Firefox/147.0"
186.54.140.150 - - [30/Jan/2026:01:56:00 -0300] "GET /poll/1/vote HTTP/2.0" 200 2818 "https://uy037.duckdns.org/polls" "Mozilla/5.0 (Windows NT 10.0; Win64; x64; rv:147.0) Gecko/20100101 Firefox/147.0"
186.54.140.150 - - [30/Jan/2026:01:56:04 -0300] "GET /polls HTTP/2.0" 200 1800 "https://uy037.duckdns.org/poll/1/vote" "Mozilla/5.0 (Windows NT 10.0; Win64; x64; rv:147.0) Gecko/20100101 Firefox/147.0"
186.54.140.150 - - [30/Jan/2026:01:56:09 -0300] "GET / HTTP/2.0" 200 3985 "https://uy037.duckdns.org/polls" "Mozilla/5.0 (Windows NT 10.0; Win64; x64; rv:147.0) Gecko/20100101 Firefox/147.0"
186.54.140.150 - - [30/Jan/2026:01:56:42 -0300] "GET / HTTP/2.0" 302 217 "-" "Mozilla/5.0 (Windows NT 10.0; Win64; x64) AppleWebKit/537.36 (KHTML, like Gecko) Chrome/144.0.0.0 Safari/537.36"
186.54.140.150 - - [30/Jan/2026:01:56:42 -0300] "GET /login?next=%2F HTTP/2.0" 200 1476 "-" "Mozilla/5.0 (Windows NT 10.0; Win64; x64) AppleWebKit/537.36 (KHTML, like Gecko) Chrome/144.0.0.0 Safari/537.36"
186.54.140.150 - - [30/Jan/2026:01:56:42 -0300] "GET /favicon.ico HTTP/2.0" 404 173 "https://uy037.duckdns.org/login?next=%2F" "Mozilla/5.0 (Windows NT 10.0; Win64; x64) AppleWebKit/537.36 (KHTML, like Gecko) Chrome/144.0.0.0 Safari/537.36"
186.54.140.150 - - [30/Jan/2026:01:57:02 -0300] "POST /login?next=%2F HTTP/2.0" 302 189 "https://uy037.duckdns.org/login?next=%2F" "Mozilla/5.0 (Windows NT 10.0; Win64; x64) AppleWebKit/537.36 (KHTML, like Gecko) Chrome/144.0.0.0 Safari/537.36"
186.54.140.150 - - [30/Jan/2026:01:57:02 -0300] "GET / HTTP/2.0" 200 4079 "https://uy037.duckdns.org/login?next=%2F" "Mozilla/5.0 (Windows NT 10.0; Win64; x64) AppleWebKit/537.36 (KHTML, like Gecko) Chrome/144.0.0.0 Safari/537.36"
186.54.140.150 - - [30/Jan/2026:01:57:06 -0300] "GET /polls HTTP/2.0" 200 2072 "https://uy037.duckdns.org/" "Mozilla/5.0 (Windows NT 10.0; Win64; x64) AppleWebKit/537.36 (KHTML, like Gecko) Chrome/144.0.0.0 Safari/537.36"
